[14.056s] DEBUG:colcon:Command line arguments: ['/usr/bin/colcon', 'build', '--symlink-install']
[14.056s] DEBUG:colcon:Parsed command line arguments: Namespace(log_base=None, log_level=None, verb_name='build', build_base='build', install_base='install', merge_install=False, symlink_install=True, test_result_base=None, continue_on_error=False, executor='parallel', parallel_workers=4, event_handlers=None, ignore_user_meta=False, metas=['./colcon.meta'], base_paths=['.'], packages_ignore=None, packages_ignore_regex=None, paths=None, packages_up_to=None, packages_up_to_regex=None, packages_above=None, packages_above_and_dependencies=None, packages_above_depth=None, packages_select_by_dep=None, packages_skip_by_dep=None, packages_skip_up_to=None, packages_select_build_failed=False, packages_skip_build_finished=False, packages_select_test_failures=False, packages_skip_test_passed=False, packages_select=None, packages_skip=None, packages_select_regex=None, packages_skip_regex=None, packages_start=None, packages_end=None, allow_overriding=[], cmake_args=None, cmake_target=None, cmake_target_skip_unavailable=False, cmake_clean_cache=False, cmake_clean_first=False, cmake_force_configure=False, ament_cmake_args=None, catkin_cmake_args=None, catkin_skip_building_tests=False, verb_parser=<colcon_defaults.argument_parser.defaults.DefaultArgumentsDecorator object at 0xffffa8bcb220>, verb_extension=<colcon_core.verb.build.BuildVerb object at 0xffffa8d42770>, main=<bound method BuildVerb.main of <colcon_core.verb.build.BuildVerb object at 0xffffa8d42770>>)
[14.459s] Level 1:colcon.colcon_core.package_discovery:discover_packages(colcon_meta) check parameters
[14.460s] Level 1:colcon.colcon_core.package_discovery:discover_packages(recursive) check parameters
[14.461s] Level 1:colcon.colcon_core.package_discovery:discover_packages(ignore) check parameters
[14.461s] Level 1:colcon.colcon_core.package_discovery:discover_packages(path) check parameters
[14.461s] Level 1:colcon.colcon_core.package_discovery:discover_packages(colcon_meta) discover
[14.461s] Level 1:colcon.colcon_core.package_discovery:discover_packages(recursive) discover
[14.461s] INFO:colcon.colcon_core.package_discovery:Crawling recursively for packages in '/home/burger/jeff_anu_ws'
[14.462s] Level 1:colcon.colcon_core.package_identification:_identify(.) by extensions ['ignore', 'ignore_ament_install']
[14.462s] Level 1:colcon.colcon_core.package_identification:_identify(.) by extension 'ignore'
[14.462s] Level 1:colcon.colcon_core.package_identification:_identify(.) by extension 'ignore_ament_install'
[14.463s] Level 1:colcon.colcon_core.package_identification:_identify(.) by extensions ['colcon_pkg']
[14.463s] Level 1:colcon.colcon_core.package_identification:_identify(.) by extension 'colcon_pkg'
[14.463s] Level 1:colcon.colcon_core.package_identification:_identify(.) by extensions ['colcon_meta']
[14.463s] Level 1:colcon.colcon_core.package_identification:_identify(.) by extension 'colcon_meta'
[14.463s] Level 1:colcon.colcon_core.package_identification:_identify(.) by extensions ['ros']
[14.463s] Level 1:colcon.colcon_core.package_identification:_identify(.) by extension 'ros'
[14.543s] Level 1:colcon.colcon_core.package_identification:_identify(.) by extensions ['cmake', 'python']
[14.543s] Level 1:colcon.colcon_core.package_identification:_identify(.) by extension 'cmake'
[14.544s] Level 1:colcon.colcon_core.package_identification:_identify(.) by extension 'python'
[14.544s] Level 1:colcon.colcon_core.package_identification:_identify(.) by extensions ['python_setup_py']
[14.544s] Level 1:colcon.colcon_core.package_identification:_identify(.) by extension 'python_setup_py'
[14.545s] Level 1:colcon.colcon_core.package_identification:_identify(build) by extensions ['ignore', 'ignore_ament_install']
[14.546s] Level 1:colcon.colcon_core.package_identification:_identify(build) by extension 'ignore'
[14.546s] Level 1:colcon.colcon_core.package_identification:_identify(build) ignored
[14.547s] Level 1:colcon.colcon_core.package_identification:_identify(install) by extensions ['ignore', 'ignore_ament_install']
[14.548s] Level 1:colcon.colcon_core.package_identification:_identify(install) by extension 'ignore'
[14.548s] Level 1:colcon.colcon_core.package_identification:_identify(install) ignored
[14.549s] Level 1:colcon.colcon_core.package_identification:_identify(log) by extensions ['ignore', 'ignore_ament_install']
[14.550s] Level 1:colcon.colcon_core.package_identification:_identify(log) by extension 'ignore'
[14.550s] Level 1:colcon.colcon_core.package_identification:_identify(log) ignored
[14.551s] Level 1:colcon.colcon_core.package_identification:_identify(src) by extensions ['ignore', 'ignore_ament_install']
[14.551s] Level 1:colcon.colcon_core.package_identification:_identify(src) by extension 'ignore'
[14.552s] Level 1:colcon.colcon_core.package_identification:_identify(src) by extension 'ignore_ament_install'
[14.552s] Level 1:colcon.colcon_core.package_identification:_identify(src) by extensions ['colcon_pkg']
[14.552s] Level 1:colcon.colcon_core.package_identification:_identify(src) by extension 'colcon_pkg'
[14.552s] Level 1:colcon.colcon_core.package_identification:_identify(src) by extensions ['colcon_meta']
[14.552s] Level 1:colcon.colcon_core.package_identification:_identify(src) by extension 'colcon_meta'
[14.553s] Level 1:colcon.colcon_core.package_identification:_identify(src) by extensions ['ros']
[14.553s] Level 1:colcon.colcon_core.package_identification:_identify(src) by extension 'ros'
[14.553s] Level 1:colcon.colcon_core.package_identification:_identify(src) by extensions ['cmake', 'python']
[14.554s] Level 1:colcon.colcon_core.package_identification:_identify(src) by extension 'cmake'
[14.554s] Level 1:colcon.colcon_core.package_identification:_identify(src) by extension 'python'
[14.555s] Level 1:colcon.colcon_core.package_identification:_identify(src) by extensions ['python_setup_py']
[14.555s] Level 1:colcon.colcon_core.package_identification:_identify(src) by extension 'python_setup_py'
[14.556s] Level 1:colcon.colcon_core.package_identification:_identify(src/image_follow) by extensions ['ignore', 'ignore_ament_install']
[14.556s] Level 1:colcon.colcon_core.package_identification:_identify(src/image_follow) by extension 'ignore'
[14.557s] Level 1:colcon.colcon_core.package_identification:_identify(src/image_follow) by extension 'ignore_ament_install'
[14.557s] Level 1:colcon.colcon_core.package_identification:_identify(src/image_follow) by extensions ['colcon_pkg']
[14.557s] Level 1:colcon.colcon_core.package_identification:_identify(src/image_follow) by extension 'colcon_pkg'
[14.557s] Level 1:colcon.colcon_core.package_identification:_identify(src/image_follow) by extensions ['colcon_meta']
[14.557s] Level 1:colcon.colcon_core.package_identification:_identify(src/image_follow) by extension 'colcon_meta'
[14.558s] Level 1:colcon.colcon_core.package_identification:_identify(src/image_follow) by extensions ['ros']
[14.558s] Level 1:colcon.colcon_core.package_identification:_identify(src/image_follow) by extension 'ros'
[14.572s] DEBUG:colcon.colcon_core.package_identification:Package 'src/image_follow' with type 'ros.ament_python' and name 'image_follow'
[14.572s] Level 1:colcon.colcon_core.package_discovery:discover_packages(recursive) using defaults
[14.572s] Level 1:colcon.colcon_core.package_discovery:discover_packages(ignore) discover
[14.572s] Level 1:colcon.colcon_core.package_discovery:discover_packages(ignore) using defaults
[14.572s] Level 1:colcon.colcon_core.package_discovery:discover_packages(path) discover
[14.573s] Level 1:colcon.colcon_core.package_discovery:discover_packages(path) using defaults
[15.091s] Level 1:colcon.colcon_core.package_discovery:discover_packages(prefix_path) check parameters
[15.091s] Level 1:colcon.colcon_core.package_discovery:discover_packages(prefix_path) discover
[15.265s] DEBUG:colcon.colcon_installed_package_information.package_discovery:Found 1 installed packages in /home/burger/jeff_anu_ws/install
[15.358s] DEBUG:colcon.colcon_installed_package_information.package_discovery:Found 8 installed packages in /home/burger/dontTouch_ws/install
[15.652s] DEBUG:colcon.colcon_installed_package_information.package_discovery:Found 206 installed packages in /opt/ros/humble
[15.668s] Level 1:colcon.colcon_core.package_discovery:discover_packages(prefix_path) using defaults
[17.067s] Level 5:colcon.colcon_core.verb:set package 'image_follow' build argument 'cmake_args' from command line to 'None'
[17.069s] Level 5:colcon.colcon_core.verb:set package 'image_follow' build argument 'cmake_target' from command line to 'None'
[17.071s] Level 5:colcon.colcon_core.verb:set package 'image_follow' build argument 'cmake_target_skip_unavailable' from command line to 'False'
[17.072s] Level 5:colcon.colcon_core.verb:set package 'image_follow' build argument 'cmake_clean_cache' from command line to 'False'
[17.073s] Level 5:colcon.colcon_core.verb:set package 'image_follow' build argument 'cmake_clean_first' from command line to 'False'
[17.075s] Level 5:colcon.colcon_core.verb:set package 'image_follow' build argument 'cmake_force_configure' from command line to 'False'
[17.076s] Level 5:colcon.colcon_core.verb:set package 'image_follow' build argument 'ament_cmake_args' from command line to 'None'
[17.077s] Level 5:colcon.colcon_core.verb:set package 'image_follow' build argument 'catkin_cmake_args' from command line to 'None'
[17.078s] Level 5:colcon.colcon_core.verb:set package 'image_follow' build argument 'catkin_skip_building_tests' from command line to 'False'
[17.080s] DEBUG:colcon.colcon_core.verb:Building package 'image_follow' with the following arguments: {'ament_cmake_args': None, 'build_base': '/home/burger/jeff_anu_ws/build/image_follow', 'catkin_cmake_args': None, 'catkin_skip_building_tests': False, 'cmake_args': None, 'cmake_clean_cache': False, 'cmake_clean_first': False, 'cmake_force_configure': False, 'cmake_target': None, 'cmake_target_skip_unavailable': False, 'install_base': '/home/burger/jeff_anu_ws/install/image_follow', 'merge_install': False, 'path': '/home/burger/jeff_anu_ws/src/image_follow', 'symlink_install': True, 'test_result_base': None}
[17.408s] INFO:colcon.colcon_core.executor:Executing jobs using 'parallel' executor
[17.670s] DEBUG:colcon.colcon_parallel_executor.executor.parallel:run_until_complete
[17.672s] INFO:colcon.colcon_ros.task.ament_python.build:Building ROS package in '/home/burger/jeff_anu_ws/src/image_follow' with build type 'ament_python'
[17.673s] Level 1:colcon.colcon_core.shell:create_environment_hook('image_follow', 'ament_prefix_path')
[18.125s] INFO:colcon.colcon_core.plugin_system:Skipping extension 'colcon_core.shell.bat': Not used on non-Windows systems
[18.127s] INFO:colcon.colcon_core.shell:Creating environment hook '/home/burger/jeff_anu_ws/install/image_follow/share/image_follow/hook/ament_prefix_path.ps1'
[18.140s] INFO:colcon.colcon_core.shell:Creating environment descriptor '/home/burger/jeff_anu_ws/install/image_follow/share/image_follow/hook/ament_prefix_path.dsv'
[18.149s] INFO:colcon.colcon_core.shell:Creating environment hook '/home/burger/jeff_anu_ws/install/image_follow/share/image_follow/hook/ament_prefix_path.sh'
[18.462s] INFO:colcon.colcon_core.shell:Skip shell extension 'powershell' for command environment: Not usable outside of PowerShell
[18.463s] DEBUG:colcon.colcon_core.shell:Skip shell extension 'dsv' for command environment
[21.766s] INFO:colcon.colcon_core.task.python.build:Building Python package in '/home/burger/jeff_anu_ws/src/image_follow'
[22.180s] INFO:colcon.colcon_core.shell:Skip shell extension 'powershell' for command environment: Not usable outside of PowerShell
[22.182s] DEBUG:colcon.colcon_core.shell:Skip shell extension 'dsv' for command environment
[34.328s] DEBUG:colcon.colcon_core.event_handler.log_command:Invoking command in '/home/burger/jeff_anu_ws/build/image_follow': PYTHONPATH=/home/burger/jeff_anu_ws/build/image_follow/prefix_override:/home/burger/jeff_anu_ws/install/image_follow/lib/python3.10/site-packages:${PYTHONPATH} /usr/bin/python3 setup.py develop --editable --build-directory /home/burger/jeff_anu_ws/build/image_follow/build --no-deps install_data
[43.048s] Level 1:colcon.colcon_core.shell:create_environment_hook('image_follow', 'pythonpath_develop')
[43.054s] DEBUG:colcon.colcon_core.event_handler.log_command:Invoked command in '/home/burger/jeff_anu_ws/build/image_follow' returned '0': PYTHONPATH=/home/burger/jeff_anu_ws/build/image_follow/prefix_override:/home/burger/jeff_anu_ws/install/image_follow/lib/python3.10/site-packages:${PYTHONPATH} /usr/bin/python3 setup.py develop --editable --build-directory /home/burger/jeff_anu_ws/build/image_follow/build --no-deps install_data
[43.501s] INFO:colcon.colcon_core.shell:Creating environment hook '/home/burger/jeff_anu_ws/build/image_follow/share/image_follow/hook/pythonpath_develop.ps1'
[43.509s] INFO:colcon.colcon_core.shell:Creating environment descriptor '/home/burger/jeff_anu_ws/build/image_follow/share/image_follow/hook/pythonpath_develop.dsv'
[43.534s] INFO:colcon.colcon_core.shell:Creating environment hook '/home/burger/jeff_anu_ws/build/image_follow/share/image_follow/hook/pythonpath_develop.sh'
[44.060s] Level 1:colcon.colcon_core.environment:checking '/home/burger/jeff_anu_ws/install/image_follow' for CMake module files
[44.067s] Level 1:colcon.colcon_core.environment:checking '/home/burger/jeff_anu_ws/install/image_follow' for CMake config files
[44.090s] Level 1:colcon.colcon_core.environment:checking '/home/burger/jeff_anu_ws/install/image_follow/lib'
[44.092s] Level 1:colcon.colcon_core.environment:checking '/home/burger/jeff_anu_ws/install/image_follow/bin'
[44.094s] Level 1:colcon.colcon_core.environment:checking '/home/burger/jeff_anu_ws/install/image_follow/lib/pkgconfig/image_follow.pc'
[44.097s] Level 1:colcon.colcon_core.environment:checking '/home/burger/jeff_anu_ws/install/image_follow/lib/python3.10/site-packages'
[44.098s] Level 1:colcon.colcon_core.shell:create_environment_hook('image_follow', 'pythonpath')
[44.568s] INFO:colcon.colcon_core.shell:Creating environment hook '/home/burger/jeff_anu_ws/install/image_follow/share/image_follow/hook/pythonpath.ps1'
[44.592s] INFO:colcon.colcon_core.shell:Creating environment descriptor '/home/burger/jeff_anu_ws/install/image_follow/share/image_follow/hook/pythonpath.dsv'
[44.597s] INFO:colcon.colcon_core.shell:Creating environment hook '/home/burger/jeff_anu_ws/install/image_follow/share/image_follow/hook/pythonpath.sh'
[44.604s] Level 1:colcon.colcon_core.environment:checking '/home/burger/jeff_anu_ws/install/image_follow/bin'
[44.608s] Level 1:colcon.colcon_core.environment:create_environment_scripts_only(image_follow)
[44.912s] INFO:colcon.colcon_core.shell:Creating package script '/home/burger/jeff_anu_ws/install/image_follow/share/image_follow/package.ps1'
[44.929s] INFO:colcon.colcon_core.shell:Creating package descriptor '/home/burger/jeff_anu_ws/install/image_follow/share/image_follow/package.dsv'
[44.939s] INFO:colcon.colcon_core.shell:Creating package script '/home/burger/jeff_anu_ws/install/image_follow/share/image_follow/package.sh'
[44.958s] INFO:colcon.colcon_core.shell:Creating package script '/home/burger/jeff_anu_ws/install/image_follow/share/image_follow/package.bash'
[44.971s] INFO:colcon.colcon_core.shell:Creating package script '/home/burger/jeff_anu_ws/install/image_follow/share/image_follow/package.zsh'
[44.986s] Level 1:colcon.colcon_core.environment:create_file_with_runtime_dependencies(/home/burger/jeff_anu_ws/install/image_follow/share/colcon-core/packages/image_follow)
[45.008s] DEBUG:colcon.colcon_parallel_executor.executor.parallel:closing loop
[45.010s] DEBUG:colcon.colcon_parallel_executor.executor.parallel:loop closed
[45.010s] DEBUG:colcon.colcon_parallel_executor.executor.parallel:run_until_complete finished with '0'
[45.011s] DEBUG:colcon.colcon_core.event_reactor:joining thread
[45.494s] INFO:colcon.colcon_core.plugin_system:Skipping extension 'colcon_notification.desktop_notification.notify_send': Could not find 'notify-send'
[45.506s] INFO:colcon.colcon_core.plugin_system:Skipping extension 'colcon_notification.desktop_notification.terminal_notifier': Not used on non-Darwin systems
[45.507s] INFO:colcon.colcon_core.plugin_system:Skipping extension 'colcon_notification.desktop_notification.win32': Not used on non-Windows systems
[45.508s] INFO:colcon.colcon_notification.desktop_notification:Sending desktop notification using 'notify2'
[45.535s] DEBUG:colcon.colcon_notification.desktop_notification.notify2:Failed to initialize notify2: org.freedesktop.DBus.Error.ServiceUnknown: The name org.freedesktop.Notifications was not provided by any .service files
[45.536s] DEBUG:colcon.colcon_core.event_reactor:joined thread
[45.803s] INFO:colcon.colcon_core.shell:Creating prefix script '/home/burger/jeff_anu_ws/install/local_setup.ps1'
[45.813s] INFO:colcon.colcon_core.shell:Creating prefix util module '/home/burger/jeff_anu_ws/install/_local_setup_util_ps1.py'
[45.832s] INFO:colcon.colcon_core.shell:Creating prefix chain script '/home/burger/jeff_anu_ws/install/setup.ps1'
[46.030s] INFO:colcon.colcon_core.shell:Creating prefix script '/home/burger/jeff_anu_ws/install/local_setup.sh'
[46.035s] INFO:colcon.colcon_core.shell:Creating prefix util module '/home/burger/jeff_anu_ws/install/_local_setup_util_sh.py'
[46.038s] INFO:colcon.colcon_core.shell:Creating prefix chain script '/home/burger/jeff_anu_ws/install/setup.sh'
[46.134s] INFO:colcon.colcon_core.shell:Creating prefix script '/home/burger/jeff_anu_ws/install/local_setup.bash'
[46.140s] INFO:colcon.colcon_core.shell:Creating prefix chain script '/home/burger/jeff_anu_ws/install/setup.bash'
[46.238s] INFO:colcon.colcon_core.shell:Creating prefix script '/home/burger/jeff_anu_ws/install/local_setup.zsh'
[46.244s] INFO:colcon.colcon_core.shell:Creating prefix chain script '/home/burger/jeff_anu_ws/install/setup.zsh'
