[0.000000] (-) TimerEvent: {}
[0.002316] (image_follow) JobQueued: {'identifier': 'image_follow', 'dependencies': OrderedDict()}
[0.002762] (image_follow) JobStarted: {'identifier': 'image_follow'}
[0.095728] (-) TimerEvent: {}
[0.205295] (-) TimerEvent: {}
[0.306906] (-) TimerEvent: {}
[0.408734] (-) TimerEvent: {}
[0.511249] (-) TimerEvent: {}
[0.612501] (-) TimerEvent: {}
[0.716182] (-) TimerEvent: {}
[0.817966] (-) TimerEvent: {}
[0.920592] (-) TimerEvent: {}
[1.022934] (-) TimerEvent: {}
[1.128200] (-) TimerEvent: {}
[1.231604] (-) TimerEvent: {}
[1.332881] (-) TimerEvent: {}
[1.434557] (-) TimerEvent: {}
[1.544166] (-) TimerEvent: {}
[1.648325] (-) TimerEvent: {}
[1.750750] (-) TimerEvent: {}
[1.852215] (-) TimerEvent: {}
[1.958586] (-) TimerEvent: {}
[2.064639] (-) TimerEvent: {}
[2.170079] (-) TimerEvent: {}
[2.415576] (-) TimerEvent: {}
[2.517075] (-) TimerEvent: {}
[2.622208] (-) TimerEvent: {}
[2.725222] (-) TimerEvent: {}
[2.826564] (-) TimerEvent: {}
[2.929840] (-) TimerEvent: {}
[3.031228] (-) TimerEvent: {}
[3.133073] (-) TimerEvent: {}
[3.236601] (-) TimerEvent: {}
[3.340102] (-) TimerEvent: {}
[3.443346] (-) TimerEvent: {}
[3.546019] (-) TimerEvent: {}
[3.649038] (-) TimerEvent: {}
[3.756486] (-) TimerEvent: {}
[3.860247] (-) TimerEvent: {}
[3.969081] (-) TimerEvent: {}
[4.075230] (-) TimerEvent: {}
[4.176677] (-) TimerEvent: {}
[4.280140] (-) TimerEvent: {}
[4.381302] (-) TimerEvent: {}
[4.482681] (-) TimerEvent: {}
[4.584116] (-) TimerEvent: {}
[4.686289] (-) TimerEvent: {}
[4.787633] (-) TimerEvent: {}
[4.888969] (-) TimerEvent: {}
[4.993853] (-) TimerEvent: {}
[5.095126] (-) TimerEvent: {}
[5.196404] (-) TimerEvent: {}
[5.297741] (-) TimerEvent: {}
[5.399139] (-) TimerEvent: {}
[5.500392] (-) TimerEvent: {}
[5.605889] (-) TimerEvent: {}
[5.707431] (-) TimerEvent: {}
[5.808715] (-) TimerEvent: {}
[5.910185] (-) TimerEvent: {}
[6.014563] (-) TimerEvent: {}
[6.118147] (-) TimerEvent: {}
[6.220939] (-) TimerEvent: {}
[6.326630] (-) TimerEvent: {}
[6.431374] (-) TimerEvent: {}
[6.535478] (-) TimerEvent: {}
[6.637854] (-) TimerEvent: {}
[6.718116] (image_follow) StderrLine: {'line': b'Traceback (most recent call last):\n  File "/usr/lib/python3/dist-packages/colcon_parallel_executor/executor/parallel.py", line 75, in execute\n    loop.run_until_complete(future)\n  File "/usr/lib/python3.10/asyncio/base_events.py", line 636, in run_until_complete\n    self.run_forever()\n  File "/usr/lib/python3.10/asyncio/base_events.py", line 603, in run_forever\n    self._run_once()\n  File "/usr/lib/python3.10/asyncio/base_events.py", line 1871, in _run_once\n    event_list = self._selector.select(timeout)\n  File "/usr/lib/python3.10/selectors.py", line 469, in select\n    fd_event_list = self._selector.poll(timeout, max_ev)\nKeyboardInterrupt\n\nDuring handling of the above exception, another exception occurred:\n\nTraceback (most recent call last):\n  File "/usr/lib/python3/dist-packages/colcon_core/executor/__init__.py", line 91, in __call__\n    rc = await self.task(*args, **kwargs)\n  File "/usr/lib/python3/dist-packages/colcon_core/task/__init__.py", line 93, in __call__\n    return await task_method(*args, **kwargs)\n  File "/usr/lib/python3/dist-packages/colcon_ros/task/ament_python/build.py", line 102, in build\n    return await extension.build(additional_hooks=additional_hooks)\n  File "/usr/lib/python3/dist-packages/colcon_core/task/python/build.py", line 85, in build\n    available_commands = await self._get_available_commands(\n  File "/usr/lib/python3/dist-packages/colcon_core/task/python/build.py", line 175, in _get_available_commands\n    output = await check_output(\n  File "/usr/lib/python3/dist-packages/colcon_core/subprocess.py", line 129, in check_output\n    assert not rc, f\'Expected {args} to pass: {stderr_data}\'\nAssertionError: Expected [\'/usr/bin/python3\', \'setup.py\', \'--help-commands\'] to pass: Traceback (most recent call last):\n  File "/home/burger/jeff_anu_ws/src/image_follow/setup.py", line 5, in <module>\n    setup(\n  File "/usr/local/lib/python3.10/dist-packages/setuptools/__init__.py", line 107, in setup\n    return distutils.core.setup(**attrs)\n  File "/usr/local/lib/python3.10/dist-packages/setuptools/_distutils/core.py", line 172, in setup\n    ok = dist.parse_command_line()\n  File "/usr/local/lib/python3.10/dist-packages/setuptools/_distutils/dist.py", line 472, in parse_command_line\n    if self.handle_display_options(option_order):\n  File "/usr/local/lib/python3.10/dist-packages/setuptools/dist.py", line 1209, in handle_display_options\n    return _Distribution.handle_display_options(self, option_order)\n  File "/usr/local/lib/python3.10/dist-packages/setuptools/_distutils/dist.py", line 686, in handle_display_options\n    self.print_commands()\n  File "/usr/local/lib/python3.10/dist-packages/setuptools/dist.py", line 988, in print_commands\n    cmdclass = ep.load()\n  File "/usr/lib/python3.10/importlib/metadata/__init__.py", line 171, in load\n    module = import_module(match.group(\'module\'))\n  File "/usr/lib/python3.10/importlib/__init__.py", line 126, in import_module\n    return _bootstrap._gcd_import(name[level:], package, level)\n  File "<frozen importlib._bootstrap>", line 1050, in _gcd_import\n  File "<frozen importlib._bootstrap>", line 1027, in _find_and_load\n  File "<frozen importlib._bootstrap>", line 1006, in _find_and_load_unlocked\n  File "<frozen importlib._bootstrap>", line 688, in _load_unlocked\n  File "<frozen importlib._bootstrap_external>", line 883, in exec_module\n  File "<frozen importlib._bootstrap>", line 241, in _call_with_frames_removed\n  File "/usr/local/lib/python3.10/dist-packages/setuptools/command/develop.py", line 8, in <module>\n    from setuptools.command.easy_install import easy_install\n  File "/usr/local/lib/python3.10/dist-packages/setuptools/command/easy_install.py", line 50, in <module>\n    from setuptools.sandbox import run_setup\n  File "/usr/local/lib/python3.10/dist-packages/setuptools/sandbox.py", line 13, in <module>\n    import pkg_resources\n  File "/usr/local/lib/python3.10/dist-packages/pkg_resources/__init__.py", line 3328, in <module>\n    def _initialize_master_working_set():\n  File "/usr/local/lib/python3.10/dist-packages/pkg_resources/__init__.py", line 3302, in _call_aside\n    f(*args, **kwargs)\n  File "/usr/local/lib/python3.10/dist-packages/pkg_resources/__init__.py", line 3340, in _initialize_master_working_set\n    working_set = WorkingSet._build_master()\n  File "/usr/local/lib/python3.10/dist-packages/pkg_resources/__init__.py", line 622, in _build_master\n    ws = cls()\n  File "/usr/local/lib/python3.10/dist-packages/pkg_resources/__init__.py", line 615, in __init__\n    self.add_entry(entry)\n  File "/usr/local/lib/python3.10/dist-packages/pkg_resources/__init__.py", line 672, in add_entry\n    self.add(dist, entry, False)\n  File "/usr/local/lib/python3.10/dist-packages/pkg_resources/__init__.py", line 760, in add\n    if not replace and dist.key in self.by_key:\nKeyboardInterrupt\n\n'}
[6.725380] (image_follow) JobEnded: {'identifier': 'image_follow', 'rc': 'SIGINT'}
[6.736791] (-) EventReactorShutdown: {}
