[10.571s] Invoking command in '/home/burger/jeff_anu_ws/src/image_follow': PYTHONPATH=/home/burger/jeff_anu_ws/build/image_follow/prefix_override:/home/burger/jeff_anu_ws/install/image_follow/lib/python3.10/site-packages:${PYTHONPATH} /usr/bin/python3 setup.py egg_info --egg-base ../../build/image_follow build --build-base /home/burger/jeff_anu_ws/build/image_follow/build install --record /home/burger/jeff_anu_ws/build/image_follow/install.log --single-version-externally-managed
[13.401s] running egg_info
[13.568s] writing ../../build/image_follow/image_follow.egg-info/PKG-INFO
[13.569s] writing dependency_links to ../../build/image_follow/image_follow.egg-info/dependency_links.txt
[13.571s] writing entry points to ../../build/image_follow/image_follow.egg-info/entry_points.txt
[13.572s] writing requirements to ../../build/image_follow/image_follow.egg-info/requires.txt
[13.573s] writing top-level names to ../../build/image_follow/image_follow.egg-info/top_level.txt
[13.822s] reading manifest file '../../build/image_follow/image_follow.egg-info/SOURCES.txt'
[13.838s] writing manifest file '../../build/image_follow/image_follow.egg-info/SOURCES.txt'
[13.845s] running build
[13.846s] running build_py
[13.848s] copying image_follow/detector.py -> /home/burger/jeff_anu_ws/build/image_follow/build/lib/image_follow
[13.853s] running install
[13.856s] /usr/local/lib/python3.10/dist-packages/setuptools/_distutils/cmd.py:66: SetuptoolsDeprecationWarning: setup.py install is deprecated.
[13.858s] !!
[13.859s] 
[13.860s]         ********************************************************************************
[13.861s]         Please avoid running ``setup.py`` directly.
[13.861s]         Instead, use pypa/build, pypa/installer or other
[13.863s]         standards-based tools.
[13.864s] 
[13.864s]         See https://blog.ganssle.io/articles/2021/10/setup-py-deprecated.html for details.
[13.865s]         ********************************************************************************
[13.866s] 
[13.867s] !!
[13.868s]   self.initialize_options()
[13.938s] running install_lib
[14.148s] copying /home/burger/jeff_anu_ws/build/image_follow/build/lib/image_follow/detector.py -> /home/burger/jeff_anu_ws/install/image_follow/lib/python3.10/site-packages/image_follow
[14.160s] byte-compiling /home/burger/jeff_anu_ws/install/image_follow/lib/python3.10/site-packages/image_follow/detector.py to detector.cpython-310.pyc
[14.173s] running install_data
[14.377s] running install_egg_info
[14.608s] removing '/home/burger/jeff_anu_ws/install/image_follow/lib/python3.10/site-packages/image_follow-0.0.0-py3.10.egg-info' (and everything under it)
[14.614s] Copying ../../build/image_follow/image_follow.egg-info to /home/burger/jeff_anu_ws/install/image_follow/lib/python3.10/site-packages/image_follow-0.0.0-py3.10.egg-info
[14.641s] running install_scripts
[16.629s] Installing detector script to /home/burger/jeff_anu_ws/install/image_follow/lib/image_follow
[16.632s] writing list of installed files to '/home/burger/jeff_anu_ws/build/image_follow/install.log'
[16.918s] Invoked command in '/home/burger/jeff_anu_ws/src/image_follow' returned '0': PYTHONPATH=/home/burger/jeff_anu_ws/build/image_follow/prefix_override:/home/burger/jeff_anu_ws/install/image_follow/lib/python3.10/site-packages:${PYTHONPATH} /usr/bin/python3 setup.py egg_info --egg-base ../../build/image_follow build --build-base /home/burger/jeff_anu_ws/build/image_follow/build install --record /home/burger/jeff_anu_ws/build/image_follow/install.log --single-version-externally-managed
