[11.331s] Invoking command in '/home/burger/jeff_anu_ws/src/image_follow': PYTHONPATH=/home/burger/jeff_anu_ws/build/image_follow/prefix_override:/home/burger/jeff_anu_ws/install/image_follow/lib/python3.10/site-packages:${PYTHONPATH} /usr/bin/python3 setup.py egg_info --egg-base ../../build/image_follow build --build-base /home/burger/jeff_anu_ws/build/image_follow/build install --record /home/burger/jeff_anu_ws/build/image_follow/install.log --single-version-externally-managed
[14.121s] running egg_info
[14.297s] writing ../../build/image_follow/image_follow.egg-info/PKG-INFO
[14.300s] writing dependency_links to ../../build/image_follow/image_follow.egg-info/dependency_links.txt
[14.303s] writing entry points to ../../build/image_follow/image_follow.egg-info/entry_points.txt
[14.305s] writing requirements to ../../build/image_follow/image_follow.egg-info/requires.txt
[14.308s] writing top-level names to ../../build/image_follow/image_follow.egg-info/top_level.txt
[14.712s] reading manifest file '../../build/image_follow/image_follow.egg-info/SOURCES.txt'
[14.723s] writing manifest file '../../build/image_follow/image_follow.egg-info/SOURCES.txt'
[14.728s] running build
[14.735s] running build_py
[14.736s] copying image_follow/detector.py -> /home/burger/jeff_anu_ws/build/image_follow/build/lib/image_follow
[14.741s] running install
[14.747s] /usr/local/lib/python3.10/dist-packages/setuptools/_distutils/cmd.py:66: SetuptoolsDeprecationWarning: setup.py install is deprecated.
[14.751s] !!
[14.752s] 
[14.753s]         ********************************************************************************
[14.759s]         Please avoid running ``setup.py`` directly.
[14.764s]         Instead, use pypa/build, pypa/installer or other
[14.765s]         standards-based tools.
[14.766s] 
[14.766s]         See https://blog.ganssle.io/articles/2021/10/setup-py-deprecated.html for details.
[14.767s]         ********************************************************************************
[14.768s] 
[14.776s] !!
[14.777s]   self.initialize_options()
[14.812s] running install_lib
[15.012s] copying /home/burger/jeff_anu_ws/build/image_follow/build/lib/image_follow/detector.py -> /home/burger/jeff_anu_ws/install/image_follow/lib/python3.10/site-packages/image_follow
[15.023s] byte-compiling /home/burger/jeff_anu_ws/install/image_follow/lib/python3.10/site-packages/image_follow/detector.py to detector.cpython-310.pyc
[15.031s] running install_data
[15.185s] running install_egg_info
[15.255s] removing '/home/burger/jeff_anu_ws/install/image_follow/lib/python3.10/site-packages/image_follow-0.0.0-py3.10.egg-info' (and everything under it)
[15.256s] Copying ../../build/image_follow/image_follow.egg-info to /home/burger/jeff_anu_ws/install/image_follow/lib/python3.10/site-packages/image_follow-0.0.0-py3.10.egg-info
[15.262s] running install_scripts
[17.291s] Installing detector script to /home/burger/jeff_anu_ws/install/image_follow/lib/image_follow
[17.297s] writing list of installed files to '/home/burger/jeff_anu_ws/build/image_follow/install.log'
[17.561s] Invoked command in '/home/burger/jeff_anu_ws/src/image_follow' returned '0': PYTHONPATH=/home/burger/jeff_anu_ws/build/image_follow/prefix_override:/home/burger/jeff_anu_ws/install/image_follow/lib/python3.10/site-packages:${PYTHONPATH} /usr/bin/python3 setup.py egg_info --egg-base ../../build/image_follow build --build-base /home/burger/jeff_anu_ws/build/image_follow/build install --record /home/burger/jeff_anu_ws/build/image_follow/install.log --single-version-externally-managed
