[10.635s] Invoking command in '/home/burger/jeff_anu_ws/build/image_follow': PYTHONPATH=/home/burger/jeff_anu_ws/build/image_follow/prefix_override:/home/burger/jeff_anu_ws/install/image_follow/lib/python3.10/site-packages:${PYTHONPATH} /usr/bin/python3 setup.py develop --uninstall --editable --build-directory /home/burger/jeff_anu_ws/build/image_follow/build
[14.119s] running develop
[14.123s] /usr/local/lib/python3.10/dist-packages/setuptools/command/develop.py:40: EasyInstallDeprecationWarning: easy_install command is deprecated.
[14.124s] !!
[14.125s] 
[14.127s]         ********************************************************************************
[14.128s]         Please avoid running ``setup.py`` and ``easy_install``.
[14.130s]         Instead, use pypa/build, pypa/installer or other
[14.131s]         standards-based tools.
[14.132s] 
[14.133s]         See https://github.com/pypa/setuptools/issues/917 for details.
[14.135s]         ********************************************************************************
[14.136s] 
[14.137s] !!
[14.139s]   easy_install.initialize_options(self)
[14.549s] /usr/local/lib/python3.10/dist-packages/setuptools/_distutils/cmd.py:66: SetuptoolsDeprecationWarning: setup.py install is deprecated.
[14.551s] !!
[14.552s] 
[14.553s]         ********************************************************************************
[14.554s]         Please avoid running ``setup.py`` directly.
[14.556s]         Instead, use pypa/build, pypa/installer or other
[14.557s]         standards-based tools.
[14.558s] 
[14.559s]         See https://blog.ganssle.io/articles/2021/10/setup-py-deprecated.html for details.
[14.560s]         ********************************************************************************
[14.561s] 
[14.562s] !!
[14.564s]   self.initialize_options()
[16.821s] Removing /home/burger/jeff_anu_ws/install/image_follow/lib/python3.10/site-packages/image-follow.egg-link (link to .)
[17.046s] Invoked command in '/home/burger/jeff_anu_ws/build/image_follow' returned '0': PYTHONPATH=/home/burger/jeff_anu_ws/build/image_follow/prefix_override:/home/burger/jeff_anu_ws/install/image_follow/lib/python3.10/site-packages:${PYTHONPATH} /usr/bin/python3 setup.py develop --uninstall --editable --build-directory /home/burger/jeff_anu_ws/build/image_follow/build
[17.054s] Invoking command in '/home/burger/jeff_anu_ws/src/image_follow': PYTHONPATH=/home/burger/jeff_anu_ws/build/image_follow/prefix_override:/home/burger/jeff_anu_ws/install/image_follow/lib/python3.10/site-packages:${PYTHONPATH} /usr/bin/python3 setup.py egg_info --egg-base ../../build/image_follow build --build-base /home/burger/jeff_anu_ws/build/image_follow/build install --record /home/burger/jeff_anu_ws/build/image_follow/install.log --single-version-externally-managed
[19.362s] running egg_info
[19.542s] writing ../../build/image_follow/image_follow.egg-info/PKG-INFO
[19.545s] writing dependency_links to ../../build/image_follow/image_follow.egg-info/dependency_links.txt
[19.547s] writing entry points to ../../build/image_follow/image_follow.egg-info/entry_points.txt
[19.550s] writing requirements to ../../build/image_follow/image_follow.egg-info/requires.txt
[19.552s] writing top-level names to ../../build/image_follow/image_follow.egg-info/top_level.txt
[19.918s] reading manifest file '../../build/image_follow/image_follow.egg-info/SOURCES.txt'
[19.932s] writing manifest file '../../build/image_follow/image_follow.egg-info/SOURCES.txt'
[19.934s] running build
[19.936s] running build_py
[19.937s] copying image_follow/lidar_detector.py -> /home/burger/jeff_anu_ws/build/image_follow/build/lib/image_follow
[19.940s] copying image_follow/detector.py -> /home/burger/jeff_anu_ws/build/image_follow/build/lib/image_follow
[19.946s] copying image_follow/follower.py -> /home/burger/jeff_anu_ws/build/image_follow/build/lib/image_follow
[19.947s] running install
[19.950s] /usr/local/lib/python3.10/dist-packages/setuptools/_distutils/cmd.py:66: SetuptoolsDeprecationWarning: setup.py install is deprecated.
[19.952s] !!
[19.953s] 
[19.954s]         ********************************************************************************
[19.955s]         Please avoid running ``setup.py`` directly.
[19.956s]         Instead, use pypa/build, pypa/installer or other
[19.957s]         standards-based tools.
[19.958s] 
[19.959s]         See https://blog.ganssle.io/articles/2021/10/setup-py-deprecated.html for details.
[19.960s]         ********************************************************************************
[19.961s] 
[19.962s] !!
[19.964s]   self.initialize_options()
[20.014s] running install_lib
[20.197s] creating /home/burger/jeff_anu_ws/install/image_follow/lib/python3.10/site-packages/image_follow
[20.202s] copying /home/burger/jeff_anu_ws/build/image_follow/build/lib/image_follow/lidar_detector.py -> /home/burger/jeff_anu_ws/install/image_follow/lib/python3.10/site-packages/image_follow
[20.205s] copying /home/burger/jeff_anu_ws/build/image_follow/build/lib/image_follow/detector.py -> /home/burger/jeff_anu_ws/install/image_follow/lib/python3.10/site-packages/image_follow
[20.207s] copying /home/burger/jeff_anu_ws/build/image_follow/build/lib/image_follow/follower.py -> /home/burger/jeff_anu_ws/install/image_follow/lib/python3.10/site-packages/image_follow
[20.210s] copying /home/burger/jeff_anu_ws/build/image_follow/build/lib/image_follow/__init__.py -> /home/burger/jeff_anu_ws/install/image_follow/lib/python3.10/site-packages/image_follow
[20.218s] byte-compiling /home/burger/jeff_anu_ws/install/image_follow/lib/python3.10/site-packages/image_follow/lidar_detector.py to lidar_detector.cpython-310.pyc
[20.228s] byte-compiling /home/burger/jeff_anu_ws/install/image_follow/lib/python3.10/site-packages/image_follow/detector.py to detector.cpython-310.pyc
[20.235s] byte-compiling /home/burger/jeff_anu_ws/install/image_follow/lib/python3.10/site-packages/image_follow/follower.py to follower.cpython-310.pyc
[20.241s] byte-compiling /home/burger/jeff_anu_ws/install/image_follow/lib/python3.10/site-packages/image_follow/__init__.py to __init__.cpython-310.pyc
[20.246s] running install_data
[20.430s] running install_egg_info
[20.543s] Copying ../../build/image_follow/image_follow.egg-info to /home/burger/jeff_anu_ws/install/image_follow/lib/python3.10/site-packages/image_follow-0.0.0-py3.10.egg-info
[20.551s] running install_scripts
[22.294s] Installing detector script to /home/burger/jeff_anu_ws/install/image_follow/lib/image_follow
[22.429s] Installing follower script to /home/burger/jeff_anu_ws/install/image_follow/lib/image_follow
[22.430s] Installing lidar_detector script to /home/burger/jeff_anu_ws/install/image_follow/lib/image_follow
[22.434s] writing list of installed files to '/home/burger/jeff_anu_ws/build/image_follow/install.log'
[22.669s] Invoked command in '/home/burger/jeff_anu_ws/src/image_follow' returned '0': PYTHONPATH=/home/burger/jeff_anu_ws/build/image_follow/prefix_override:/home/burger/jeff_anu_ws/install/image_follow/lib/python3.10/site-packages:${PYTHONPATH} /usr/bin/python3 setup.py egg_info --egg-base ../../build/image_follow build --build-base /home/burger/jeff_anu_ws/build/image_follow/build install --record /home/burger/jeff_anu_ws/build/image_follow/install.log --single-version-externally-managed
