[7.140s] DEBUG:colcon:Command line arguments: ['/usr/bin/colcon', 'build', '--symlink-install']
[7.140s] DEBUG:colcon:Parsed command line arguments: Namespace(log_base=None, log_level=None, verb_name='build', build_base='build', install_base='install', merge_install=False, symlink_install=True, test_result_base=None, continue_on_error=False, executor='parallel', parallel_workers=4, event_handlers=None, ignore_user_meta=False, metas=['./colcon.meta'], base_paths=['.'], packages_ignore=None, packages_ignore_regex=None, paths=None, packages_up_to=None, packages_up_to_regex=None, packages_above=None, packages_above_and_dependencies=None, packages_above_depth=None, packages_select_by_dep=None, packages_skip_by_dep=None, packages_skip_up_to=None, packages_select_build_failed=False, packages_skip_build_finished=False, packages_select_test_failures=False, packages_skip_test_passed=False, packages_select=None, packages_skip=None, packages_select_regex=None, packages_skip_regex=None, packages_start=None, packages_end=None, allow_overriding=[], cmake_args=None, cmake_target=None, cmake_target_skip_unavailable=False, cmake_clean_cache=False, cmake_clean_first=False, cmake_force_configure=False, ament_cmake_args=None, catkin_cmake_args=None, catkin_skip_building_tests=False, verb_parser=<colcon_defaults.argument_parser.defaults.DefaultArgumentsDecorator object at 0xffff9e65b070>, verb_extension=<colcon_core.verb.build.BuildVerb object at 0xffff9e7b0e80>, main=<bound method BuildVerb.main of <colcon_core.verb.build.BuildVerb object at 0xffff9e7b0e80>>)
[7.426s] Level 1:colcon.colcon_core.package_discovery:discover_packages(colcon_meta) check parameters
[7.426s] Level 1:colcon.colcon_core.package_discovery:discover_packages(recursive) check parameters
[7.426s] Level 1:colcon.colcon_core.package_discovery:discover_packages(ignore) check parameters
[7.427s] Level 1:colcon.colcon_core.package_discovery:discover_packages(path) check parameters
[7.427s] Level 1:colcon.colcon_core.package_discovery:discover_packages(colcon_meta) discover
[7.427s] Level 1:colcon.colcon_core.package_discovery:discover_packages(recursive) discover
[7.427s] INFO:colcon.colcon_core.package_discovery:Crawling recursively for packages in '/home/burger/jeff_anu_ws'
[7.428s] Level 1:colcon.colcon_core.package_identification:_identify(.) by extensions ['ignore', 'ignore_ament_install']
[7.428s] Level 1:colcon.colcon_core.package_identification:_identify(.) by extension 'ignore'
[7.428s] Level 1:colcon.colcon_core.package_identification:_identify(.) by extension 'ignore_ament_install'
[7.429s] Level 1:colcon.colcon_core.package_identification:_identify(.) by extensions ['colcon_pkg']
[7.429s] Level 1:colcon.colcon_core.package_identification:_identify(.) by extension 'colcon_pkg'
[7.429s] Level 1:colcon.colcon_core.package_identification:_identify(.) by extensions ['colcon_meta']
[7.429s] Level 1:colcon.colcon_core.package_identification:_identify(.) by extension 'colcon_meta'
[7.429s] Level 1:colcon.colcon_core.package_identification:_identify(.) by extensions ['ros']
[7.429s] Level 1:colcon.colcon_core.package_identification:_identify(.) by extension 'ros'
[7.490s] Level 1:colcon.colcon_core.package_identification:_identify(.) by extensions ['cmake', 'python']
[7.490s] Level 1:colcon.colcon_core.package_identification:_identify(.) by extension 'cmake'
[7.491s] Level 1:colcon.colcon_core.package_identification:_identify(.) by extension 'python'
[7.491s] Level 1:colcon.colcon_core.package_identification:_identify(.) by extensions ['python_setup_py']
[7.491s] Level 1:colcon.colcon_core.package_identification:_identify(.) by extension 'python_setup_py'
[7.492s] Level 1:colcon.colcon_core.package_identification:_identify(build) by extensions ['ignore', 'ignore_ament_install']
[7.492s] Level 1:colcon.colcon_core.package_identification:_identify(build) by extension 'ignore'
[7.492s] Level 1:colcon.colcon_core.package_identification:_identify(build) ignored
[7.493s] Level 1:colcon.colcon_core.package_identification:_identify(install) by extensions ['ignore', 'ignore_ament_install']
[7.493s] Level 1:colcon.colcon_core.package_identification:_identify(install) by extension 'ignore'
[7.493s] Level 1:colcon.colcon_core.package_identification:_identify(install) ignored
[7.494s] Level 1:colcon.colcon_core.package_identification:_identify(log) by extensions ['ignore', 'ignore_ament_install']
[7.495s] Level 1:colcon.colcon_core.package_identification:_identify(log) by extension 'ignore'
[7.495s] Level 1:colcon.colcon_core.package_identification:_identify(log) ignored
[7.495s] Level 1:colcon.colcon_core.package_identification:_identify(src) by extensions ['ignore', 'ignore_ament_install']
[7.495s] Level 1:colcon.colcon_core.package_identification:_identify(src) by extension 'ignore'
[7.496s] Level 1:colcon.colcon_core.package_identification:_identify(src) by extension 'ignore_ament_install'
[7.496s] Level 1:colcon.colcon_core.package_identification:_identify(src) by extensions ['colcon_pkg']
[7.496s] Level 1:colcon.colcon_core.package_identification:_identify(src) by extension 'colcon_pkg'
[7.496s] Level 1:colcon.colcon_core.package_identification:_identify(src) by extensions ['colcon_meta']
[7.497s] Level 1:colcon.colcon_core.package_identification:_identify(src) by extension 'colcon_meta'
[7.497s] Level 1:colcon.colcon_core.package_identification:_identify(src) by extensions ['ros']
[7.497s] Level 1:colcon.colcon_core.package_identification:_identify(src) by extension 'ros'
[7.497s] Level 1:colcon.colcon_core.package_identification:_identify(src) by extensions ['cmake', 'python']
[7.497s] Level 1:colcon.colcon_core.package_identification:_identify(src) by extension 'cmake'
[7.498s] Level 1:colcon.colcon_core.package_identification:_identify(src) by extension 'python'
[7.498s] Level 1:colcon.colcon_core.package_identification:_identify(src) by extensions ['python_setup_py']
[7.498s] Level 1:colcon.colcon_core.package_identification:_identify(src) by extension 'python_setup_py'
[7.499s] Level 1:colcon.colcon_core.package_identification:_identify(src/image_follow) by extensions ['ignore', 'ignore_ament_install']
[7.499s] Level 1:colcon.colcon_core.package_identification:_identify(src/image_follow) by extension 'ignore'
[7.499s] Level 1:colcon.colcon_core.package_identification:_identify(src/image_follow) by extension 'ignore_ament_install'
[7.500s] Level 1:colcon.colcon_core.package_identification:_identify(src/image_follow) by extensions ['colcon_pkg']
[7.500s] Level 1:colcon.colcon_core.package_identification:_identify(src/image_follow) by extension 'colcon_pkg'
[7.500s] Level 1:colcon.colcon_core.package_identification:_identify(src/image_follow) by extensions ['colcon_meta']
[7.500s] Level 1:colcon.colcon_core.package_identification:_identify(src/image_follow) by extension 'colcon_meta'
[7.500s] Level 1:colcon.colcon_core.package_identification:_identify(src/image_follow) by extensions ['ros']
[7.501s] Level 1:colcon.colcon_core.package_identification:_identify(src/image_follow) by extension 'ros'
[7.515s] DEBUG:colcon.colcon_core.package_identification:Package 'src/image_follow' with type 'ros.ament_python' and name 'image_follow'
[7.515s] Level 1:colcon.colcon_core.package_discovery:discover_packages(recursive) using defaults
[7.515s] Level 1:colcon.colcon_core.package_discovery:discover_packages(ignore) discover
[7.515s] Level 1:colcon.colcon_core.package_discovery:discover_packages(ignore) using defaults
[7.516s] Level 1:colcon.colcon_core.package_discovery:discover_packages(path) discover
[7.516s] Level 1:colcon.colcon_core.package_discovery:discover_packages(path) using defaults
[7.975s] Level 1:colcon.colcon_core.package_discovery:discover_packages(prefix_path) check parameters
[7.975s] Level 1:colcon.colcon_core.package_discovery:discover_packages(prefix_path) discover
[8.126s] DEBUG:colcon.colcon_installed_package_information.package_discovery:Found 1 installed packages in /home/burger/jeff_anu_ws/install
[8.186s] DEBUG:colcon.colcon_installed_package_information.package_discovery:Found 8 installed packages in /home/burger/dontTouch_ws/install
[8.253s] DEBUG:colcon.colcon_installed_package_information.package_discovery:Found 206 installed packages in /opt/ros/humble
[8.259s] Level 1:colcon.colcon_core.package_discovery:discover_packages(prefix_path) using defaults
[8.788s] Level 5:colcon.colcon_core.verb:set package 'image_follow' build argument 'cmake_args' from command line to 'None'
[8.789s] Level 5:colcon.colcon_core.verb:set package 'image_follow' build argument 'cmake_target' from command line to 'None'
[8.790s] Level 5:colcon.colcon_core.verb:set package 'image_follow' build argument 'cmake_target_skip_unavailable' from command line to 'False'
[8.791s] Level 5:colcon.colcon_core.verb:set package 'image_follow' build argument 'cmake_clean_cache' from command line to 'False'
[8.792s] Level 5:colcon.colcon_core.verb:set package 'image_follow' build argument 'cmake_clean_first' from command line to 'False'
[8.793s] Level 5:colcon.colcon_core.verb:set package 'image_follow' build argument 'cmake_force_configure' from command line to 'False'
[8.794s] Level 5:colcon.colcon_core.verb:set package 'image_follow' build argument 'ament_cmake_args' from command line to 'None'
[8.795s] Level 5:colcon.colcon_core.verb:set package 'image_follow' build argument 'catkin_cmake_args' from command line to 'None'
[8.796s] Level 5:colcon.colcon_core.verb:set package 'image_follow' build argument 'catkin_skip_building_tests' from command line to 'False'
[8.797s] DEBUG:colcon.colcon_core.verb:Building package 'image_follow' with the following arguments: {'ament_cmake_args': None, 'build_base': '/home/burger/jeff_anu_ws/build/image_follow', 'catkin_cmake_args': None, 'catkin_skip_building_tests': False, 'cmake_args': None, 'cmake_clean_cache': False, 'cmake_clean_first': False, 'cmake_force_configure': False, 'cmake_target': None, 'cmake_target_skip_unavailable': False, 'install_base': '/home/burger/jeff_anu_ws/install/image_follow', 'merge_install': False, 'path': '/home/burger/jeff_anu_ws/src/image_follow', 'symlink_install': True, 'test_result_base': None}
[8.979s] INFO:colcon.colcon_core.executor:Executing jobs using 'parallel' executor
[9.195s] DEBUG:colcon.colcon_parallel_executor.executor.parallel:run_until_complete
[9.199s] INFO:colcon.colcon_ros.task.ament_python.build:Building ROS package in '/home/burger/jeff_anu_ws/src/image_follow' with build type 'ament_python'
[9.201s] Level 1:colcon.colcon_core.shell:create_environment_hook('image_follow', 'ament_prefix_path')
[9.470s] INFO:colcon.colcon_core.plugin_system:Skipping extension 'colcon_core.shell.bat': Not used on non-Windows systems
[9.472s] INFO:colcon.colcon_core.shell:Creating environment hook '/home/burger/jeff_anu_ws/install/image_follow/share/image_follow/hook/ament_prefix_path.ps1'
[9.482s] INFO:colcon.colcon_core.shell:Creating environment descriptor '/home/burger/jeff_anu_ws/install/image_follow/share/image_follow/hook/ament_prefix_path.dsv'
[9.489s] INFO:colcon.colcon_core.shell:Creating environment hook '/home/burger/jeff_anu_ws/install/image_follow/share/image_follow/hook/ament_prefix_path.sh'
[9.723s] INFO:colcon.colcon_core.shell:Skip shell extension 'powershell' for command environment: Not usable outside of PowerShell
[9.724s] DEBUG:colcon.colcon_core.shell:Skip shell extension 'dsv' for command environment
[12.162s] INFO:colcon.colcon_core.task.python.build:Building Python package in '/home/burger/jeff_anu_ws/src/image_follow'
[12.223s] INFO:colcon.colcon_core.shell:Skip shell extension 'powershell' for command environment: Not usable outside of PowerShell
[12.223s] DEBUG:colcon.colcon_core.shell:Skip shell extension 'dsv' for command environment
[19.654s] DEBUG:colcon.colcon_core.task.python.build:While undoing a previous installation files outside the Python library path are being ignored: /home/burger/jeff_anu_ws/install/image_follow/share/ament_index/resource_index/packages/image_follow
[19.655s] DEBUG:colcon.colcon_core.task.python.build:While undoing a previous installation files outside the Python library path are being ignored: /home/burger/jeff_anu_ws/install/image_follow/share/image_follow/package.xml
[19.656s] DEBUG:colcon.colcon_core.task.python.build:While undoing a previous installation files outside the Python library path are being ignored: /home/burger/jeff_anu_ws/install/image_follow/lib/image_follow/detector
[19.657s] DEBUG:colcon.colcon_core.task.python.build:While undoing a previous installation files outside the Python library path are being ignored: /home/burger/jeff_anu_ws/install/image_follow/lib/image_follow/follower
[19.657s] DEBUG:colcon.colcon_core.task.python.build:While undoing a previous installation files outside the Python library path are being ignored: /home/burger/jeff_anu_ws/install/image_follow/lib/image_follow/lidar_detector
[19.665s] DEBUG:colcon.colcon_core.event_handler.log_command:Invoking command in '/home/burger/jeff_anu_ws/build/image_follow': PYTHONPATH=/home/burger/jeff_anu_ws/build/image_follow/prefix_override:/home/burger/jeff_anu_ws/install/image_follow/lib/python3.10/site-packages:${PYTHONPATH} /usr/bin/python3 setup.py develop --editable --build-directory /home/burger/jeff_anu_ws/build/image_follow/build --no-deps install_data
[26.902s] Level 1:colcon.colcon_core.shell:create_environment_hook('image_follow', 'pythonpath_develop')
[26.907s] DEBUG:colcon.colcon_core.event_handler.log_command:Invoked command in '/home/burger/jeff_anu_ws/build/image_follow' returned '0': PYTHONPATH=/home/burger/jeff_anu_ws/build/image_follow/prefix_override:/home/burger/jeff_anu_ws/install/image_follow/lib/python3.10/site-packages:${PYTHONPATH} /usr/bin/python3 setup.py develop --editable --build-directory /home/burger/jeff_anu_ws/build/image_follow/build --no-deps install_data
[27.122s] INFO:colcon.colcon_core.shell:Creating environment hook '/home/burger/jeff_anu_ws/build/image_follow/share/image_follow/hook/pythonpath_develop.ps1'
[27.127s] INFO:colcon.colcon_core.shell:Creating environment descriptor '/home/burger/jeff_anu_ws/build/image_follow/share/image_follow/hook/pythonpath_develop.dsv'
[27.131s] INFO:colcon.colcon_core.shell:Creating environment hook '/home/burger/jeff_anu_ws/build/image_follow/share/image_follow/hook/pythonpath_develop.sh'
[27.393s] Level 1:colcon.colcon_core.environment:checking '/home/burger/jeff_anu_ws/install/image_follow' for CMake module files
[27.400s] Level 1:colcon.colcon_core.environment:checking '/home/burger/jeff_anu_ws/install/image_follow' for CMake config files
[27.410s] Level 1:colcon.colcon_core.environment:checking '/home/burger/jeff_anu_ws/install/image_follow/lib'
[27.412s] Level 1:colcon.colcon_core.environment:checking '/home/burger/jeff_anu_ws/install/image_follow/bin'
[27.413s] Level 1:colcon.colcon_core.environment:checking '/home/burger/jeff_anu_ws/install/image_follow/lib/pkgconfig/image_follow.pc'
[27.416s] Level 1:colcon.colcon_core.environment:checking '/home/burger/jeff_anu_ws/install/image_follow/lib/python3.10/site-packages'
[27.416s] Level 1:colcon.colcon_core.shell:create_environment_hook('image_follow', 'pythonpath')
[27.621s] INFO:colcon.colcon_core.shell:Creating environment hook '/home/burger/jeff_anu_ws/install/image_follow/share/image_follow/hook/pythonpath.ps1'
[27.626s] INFO:colcon.colcon_core.shell:Creating environment descriptor '/home/burger/jeff_anu_ws/install/image_follow/share/image_follow/hook/pythonpath.dsv'
[27.631s] INFO:colcon.colcon_core.shell:Creating environment hook '/home/burger/jeff_anu_ws/install/image_follow/share/image_follow/hook/pythonpath.sh'
[27.637s] Level 1:colcon.colcon_core.environment:checking '/home/burger/jeff_anu_ws/install/image_follow/bin'
[27.638s] Level 1:colcon.colcon_core.environment:create_environment_scripts_only(image_follow)
[27.821s] INFO:colcon.colcon_core.shell:Creating package script '/home/burger/jeff_anu_ws/install/image_follow/share/image_follow/package.ps1'
[27.836s] INFO:colcon.colcon_core.shell:Creating package descriptor '/home/burger/jeff_anu_ws/install/image_follow/share/image_follow/package.dsv'
[27.848s] INFO:colcon.colcon_core.shell:Creating package script '/home/burger/jeff_anu_ws/install/image_follow/share/image_follow/package.sh'
[27.864s] INFO:colcon.colcon_core.shell:Creating package script '/home/burger/jeff_anu_ws/install/image_follow/share/image_follow/package.bash'
[27.879s] INFO:colcon.colcon_core.shell:Creating package script '/home/burger/jeff_anu_ws/install/image_follow/share/image_follow/package.zsh'
[27.895s] Level 1:colcon.colcon_core.environment:create_file_with_runtime_dependencies(/home/burger/jeff_anu_ws/install/image_follow/share/colcon-core/packages/image_follow)
[27.902s] DEBUG:colcon.colcon_parallel_executor.executor.parallel:closing loop
[27.911s] DEBUG:colcon.colcon_parallel_executor.executor.parallel:loop closed
[27.912s] DEBUG:colcon.colcon_parallel_executor.executor.parallel:run_until_complete finished with '0'
[27.913s] DEBUG:colcon.colcon_core.event_reactor:joining thread
[28.166s] INFO:colcon.colcon_core.plugin_system:Skipping extension 'colcon_notification.desktop_notification.notify_send': Could not find 'notify-send'
[28.168s] INFO:colcon.colcon_core.plugin_system:Skipping extension 'colcon_notification.desktop_notification.terminal_notifier': Not used on non-Darwin systems
[28.170s] INFO:colcon.colcon_core.plugin_system:Skipping extension 'colcon_notification.desktop_notification.win32': Not used on non-Windows systems
[28.172s] INFO:colcon.colcon_notification.desktop_notification:Sending desktop notification using 'notify2'
[28.183s] DEBUG:colcon.colcon_notification.desktop_notification.notify2:Failed to initialize notify2: org.freedesktop.DBus.Error.ServiceUnknown: The name org.freedesktop.Notifications was not provided by any .service files
[28.184s] DEBUG:colcon.colcon_core.event_reactor:joined thread
[28.367s] INFO:colcon.colcon_core.shell:Creating prefix script '/home/burger/jeff_anu_ws/install/local_setup.ps1'
[28.379s] INFO:colcon.colcon_core.shell:Creating prefix util module '/home/burger/jeff_anu_ws/install/_local_setup_util_ps1.py'
[28.397s] INFO:colcon.colcon_core.shell:Creating prefix chain script '/home/burger/jeff_anu_ws/install/setup.ps1'
[28.598s] INFO:colcon.colcon_core.shell:Creating prefix script '/home/burger/jeff_anu_ws/install/local_setup.sh'
[28.607s] INFO:colcon.colcon_core.shell:Creating prefix util module '/home/burger/jeff_anu_ws/install/_local_setup_util_sh.py'
[28.612s] INFO:colcon.colcon_core.shell:Creating prefix chain script '/home/burger/jeff_anu_ws/install/setup.sh'
[28.814s] INFO:colcon.colcon_core.shell:Creating prefix script '/home/burger/jeff_anu_ws/install/local_setup.bash'
[28.823s] INFO:colcon.colcon_core.shell:Creating prefix chain script '/home/burger/jeff_anu_ws/install/setup.bash'
[29.034s] INFO:colcon.colcon_core.shell:Creating prefix script '/home/burger/jeff_anu_ws/install/local_setup.zsh'
[29.043s] INFO:colcon.colcon_core.shell:Creating prefix chain script '/home/burger/jeff_anu_ws/install/setup.zsh'
