[8.581s] Invoking command in '/home/burger/jeff_anu_ws/src/image_follow': PYTHONPATH=/home/burger/jeff_anu_ws/build/image_follow/prefix_override:/home/burger/jeff_anu_ws/install/image_follow/lib/python3.10/site-packages:${PYTHONPATH} /usr/bin/python3 setup.py egg_info --egg-base ../../build/image_follow build --build-base /home/burger/jeff_anu_ws/build/image_follow/build install --record /home/burger/jeff_anu_ws/build/image_follow/install.log --single-version-externally-managed
[11.253s] running egg_info
[11.437s] writing ../../build/image_follow/image_follow.egg-info/PKG-INFO
[11.440s] writing dependency_links to ../../build/image_follow/image_follow.egg-info/dependency_links.txt
[11.443s] writing entry points to ../../build/image_follow/image_follow.egg-info/entry_points.txt
[11.445s] writing requirements to ../../build/image_follow/image_follow.egg-info/requires.txt
[11.447s] writing top-level names to ../../build/image_follow/image_follow.egg-info/top_level.txt
[11.805s] reading manifest file '../../build/image_follow/image_follow.egg-info/SOURCES.txt'
[11.812s] writing manifest file '../../build/image_follow/image_follow.egg-info/SOURCES.txt'
[11.814s] running build
[11.816s] running build_py
[11.817s] copying image_follow/detector.py -> /home/burger/jeff_anu_ws/build/image_follow/build/lib/image_follow
[11.817s] /usr/local/lib/python3.10/dist-packages/setuptools/_distutils/cmd.py:66: SetuptoolsDeprecationWarning: setup.py install is deprecated.
[11.818s] !!
[11.818s] 
[11.819s]         ********************************************************************************
[11.819s]         Please avoid running ``setup.py`` directly.
[11.820s]         Instead, use pypa/build, pypa/installer or other
[11.820s]         standards-based tools.
[11.820s] 
[11.821s]         See https://blog.ganssle.io/articles/2021/10/setup-py-deprecated.html for details.
[11.821s]         ********************************************************************************
[11.829s] 
[11.829s] !!
[11.830s]   self.initialize_options()
[11.830s] running install
[11.840s] running install_lib
[11.939s] copying /home/burger/jeff_anu_ws/build/image_follow/build/lib/image_follow/detector.py -> /home/burger/jeff_anu_ws/install/image_follow/lib/python3.10/site-packages/image_follow
[11.950s] byte-compiling /home/burger/jeff_anu_ws/install/image_follow/lib/python3.10/site-packages/image_follow/detector.py to detector.cpython-310.pyc
[11.965s] running install_data
[12.153s] running install_egg_info
[12.361s] removing '/home/burger/jeff_anu_ws/install/image_follow/lib/python3.10/site-packages/image_follow-0.0.0-py3.10.egg-info' (and everything under it)
[12.366s] Copying ../../build/image_follow/image_follow.egg-info to /home/burger/jeff_anu_ws/install/image_follow/lib/python3.10/site-packages/image_follow-0.0.0-py3.10.egg-info
[12.383s] running install_scripts
[14.180s] Installing detector script to /home/burger/jeff_anu_ws/install/image_follow/lib/image_follow
[14.184s] writing list of installed files to '/home/burger/jeff_anu_ws/build/image_follow/install.log'
[14.440s] Invoked command in '/home/burger/jeff_anu_ws/src/image_follow' returned '0': PYTHONPATH=/home/burger/jeff_anu_ws/build/image_follow/prefix_override:/home/burger/jeff_anu_ws/install/image_follow/lib/python3.10/site-packages:${PYTHONPATH} /usr/bin/python3 setup.py egg_info --egg-base ../../build/image_follow build --build-base /home/burger/jeff_anu_ws/build/image_follow/build install --record /home/burger/jeff_anu_ws/build/image_follow/install.log --single-version-externally-managed
