running egg_info
creating ../../build/image_follow/image_follow.egg-info
writing ../../build/image_follow/image_follow.egg-info/PKG-INFO
writing dependency_links to ../../build/image_follow/image_follow.egg-info/dependency_links.txt
writing entry points to ../../build/image_follow/image_follow.egg-info/entry_points.txt
writing requirements to ../../build/image_follow/image_follow.egg-info/requires.txt
writing top-level names to ../../build/image_follow/image_follow.egg-info/top_level.txt
writing manifest file '../../build/image_follow/image_follow.egg-info/SOURCES.txt'
reading manifest file '../../build/image_follow/image_follow.egg-info/SOURCES.txt'
writing manifest file '../../build/image_follow/image_follow.egg-info/SOURCES.txt'
running build
running build_py
creating /home/burger/jeff_anu_ws/build/image_follow/build
creating /home/burger/jeff_anu_ws/build/image_follow/build/lib
creating /home/burger/jeff_anu_ws/build/image_follow/build/lib/image_follow
copying image_follow/detector.py -> /home/burger/jeff_anu_ws/build/image_follow/build/lib/image_follow
copying image_follow/follower.py -> /home/burger/jeff_anu_ws/build/image_follow/build/lib/image_follow
copying image_follow/__init__.py -> /home/burger/jeff_anu_ws/build/image_follow/build/lib/image_follow
running install
running install_lib
creating /home/burger/jeff_anu_ws/install/image_follow/lib/python3.10/site-packages/image_follow
copying /home/burger/jeff_anu_ws/build/image_follow/build/lib/image_follow/detector.py -> /home/burger/jeff_anu_ws/install/image_follow/lib/python3.10/site-packages/image_follow
copying /home/burger/jeff_anu_ws/build/image_follow/build/lib/image_follow/follower.py -> /home/burger/jeff_anu_ws/install/image_follow/lib/python3.10/site-packages/image_follow
copying /home/burger/jeff_anu_ws/build/image_follow/build/lib/image_follow/__init__.py -> /home/burger/jeff_anu_ws/install/image_follow/lib/python3.10/site-packages/image_follow
byte-compiling /home/burger/jeff_anu_ws/install/image_follow/lib/python3.10/site-packages/image_follow/detector.py to detector.cpython-310.pyc
byte-compiling /home/burger/jeff_anu_ws/install/image_follow/lib/python3.10/site-packages/image_follow/follower.py to follower.cpython-310.pyc
byte-compiling /home/burger/jeff_anu_ws/install/image_follow/lib/python3.10/site-packages/image_follow/__init__.py to __init__.cpython-310.pyc
running install_data
creating /home/burger/jeff_anu_ws/install/image_follow/share/ament_index
creating /home/burger/jeff_anu_ws/install/image_follow/share/ament_index/resource_index
creating /home/burger/jeff_anu_ws/install/image_follow/share/ament_index/resource_index/packages
copying resource/image_follow -> /home/burger/jeff_anu_ws/install/image_follow/share/ament_index/resource_index/packages
copying package.xml -> /home/burger/jeff_anu_ws/install/image_follow/share/image_follow
running install_egg_info
Copying ../../build/image_follow/image_follow.egg-info to /home/burger/jeff_anu_ws/install/image_follow/lib/python3.10/site-packages/image_follow-0.0.0-py3.10.egg-info
running install_scripts
Installing detector script to /home/burger/jeff_anu_ws/install/image_follow/lib/image_follow
writing list of installed files to '/home/burger/jeff_anu_ws/build/image_follow/install.log'
