[8.587s] Invoking command in '/home/burger/jeff_anu_ws/src/image_follow': PYTHONPATH=/home/burger/jeff_anu_ws/build/image_follow/prefix_override:/home/burger/jeff_anu_ws/install/image_follow/lib/python3.10/site-packages:${PYTHONPATH} /usr/bin/python3 setup.py egg_info --egg-base ../../build/image_follow build --build-base /home/burger/jeff_anu_ws/build/image_follow/build install --record /home/burger/jeff_anu_ws/build/image_follow/install.log --single-version-externally-managed
[9.833s] running egg_info
[9.834s] creating ../../build/image_follow/image_follow.egg-info
[9.898s] writing ../../build/image_follow/image_follow.egg-info/PKG-INFO
[9.900s] writing dependency_links to ../../build/image_follow/image_follow.egg-info/dependency_links.txt
[9.901s] writing entry points to ../../build/image_follow/image_follow.egg-info/entry_points.txt
[9.902s] writing requirements to ../../build/image_follow/image_follow.egg-info/requires.txt
[9.903s] writing top-level names to ../../build/image_follow/image_follow.egg-info/top_level.txt
[9.904s] writing manifest file '../../build/image_follow/image_follow.egg-info/SOURCES.txt'
[10.024s] reading manifest file '../../build/image_follow/image_follow.egg-info/SOURCES.txt'
[10.027s] writing manifest file '../../build/image_follow/image_follow.egg-info/SOURCES.txt'
[10.028s] running build
[10.029s] running build_py
[10.030s] creating /home/burger/jeff_anu_ws/build/image_follow/build
[10.031s] creating /home/burger/jeff_anu_ws/build/image_follow/build/lib
[10.032s] creating /home/burger/jeff_anu_ws/build/image_follow/build/lib/image_follow
[10.033s] copying image_follow/detector.py -> /home/burger/jeff_anu_ws/build/image_follow/build/lib/image_follow
[10.033s] copying image_follow/follower.py -> /home/burger/jeff_anu_ws/build/image_follow/build/lib/image_follow
[10.034s] copying image_follow/__init__.py -> /home/burger/jeff_anu_ws/build/image_follow/build/lib/image_follow
[10.036s] running install
[10.040s] /usr/local/lib/python3.10/dist-packages/setuptools/_distutils/cmd.py:66: SetuptoolsDeprecationWarning: setup.py install is deprecated.
[10.041s] !!
[10.041s] 
[10.041s]         ********************************************************************************
[10.042s]         Please avoid running ``setup.py`` directly.
[10.042s]         Instead, use pypa/build, pypa/installer or other
[10.042s]         standards-based tools.
[10.043s] 
[10.043s]         See https://blog.ganssle.io/articles/2021/10/setup-py-deprecated.html for details.
[10.043s]         ********************************************************************************
[10.045s] 
[10.045s] !!
[10.048s]   self.initialize_options()
[10.065s] running install_lib
[10.125s] creating /home/burger/jeff_anu_ws/install/image_follow/lib/python3.10/site-packages/image_follow
[10.126s] copying /home/burger/jeff_anu_ws/build/image_follow/build/lib/image_follow/detector.py -> /home/burger/jeff_anu_ws/install/image_follow/lib/python3.10/site-packages/image_follow
[10.127s] copying /home/burger/jeff_anu_ws/build/image_follow/build/lib/image_follow/follower.py -> /home/burger/jeff_anu_ws/install/image_follow/lib/python3.10/site-packages/image_follow
[10.128s] copying /home/burger/jeff_anu_ws/build/image_follow/build/lib/image_follow/__init__.py -> /home/burger/jeff_anu_ws/install/image_follow/lib/python3.10/site-packages/image_follow
[10.130s] byte-compiling /home/burger/jeff_anu_ws/install/image_follow/lib/python3.10/site-packages/image_follow/detector.py to detector.cpython-310.pyc
[10.134s] byte-compiling /home/burger/jeff_anu_ws/install/image_follow/lib/python3.10/site-packages/image_follow/follower.py to follower.cpython-310.pyc
[10.135s] byte-compiling /home/burger/jeff_anu_ws/install/image_follow/lib/python3.10/site-packages/image_follow/__init__.py to __init__.cpython-310.pyc
[10.136s] running install_data
[10.305s] creating /home/burger/jeff_anu_ws/install/image_follow/share/ament_index
[10.306s] creating /home/burger/jeff_anu_ws/install/image_follow/share/ament_index/resource_index
[10.308s] creating /home/burger/jeff_anu_ws/install/image_follow/share/ament_index/resource_index/packages
[10.309s] copying resource/image_follow -> /home/burger/jeff_anu_ws/install/image_follow/share/ament_index/resource_index/packages
[10.310s] copying package.xml -> /home/burger/jeff_anu_ws/install/image_follow/share/image_follow
[10.313s] running install_egg_info
[10.495s] Copying ../../build/image_follow/image_follow.egg-info to /home/burger/jeff_anu_ws/install/image_follow/lib/python3.10/site-packages/image_follow-0.0.0-py3.10.egg-info
[10.511s] running install_scripts
[12.245s] Installing detector script to /home/burger/jeff_anu_ws/install/image_follow/lib/image_follow
[12.249s] writing list of installed files to '/home/burger/jeff_anu_ws/build/image_follow/install.log'
[12.487s] Invoked command in '/home/burger/jeff_anu_ws/src/image_follow' returned '0': PYTHONPATH=/home/burger/jeff_anu_ws/build/image_follow/prefix_override:/home/burger/jeff_anu_ws/install/image_follow/lib/python3.10/site-packages:${PYTHONPATH} /usr/bin/python3 setup.py egg_info --egg-base ../../build/image_follow build --build-base /home/burger/jeff_anu_ws/build/image_follow/build install --record /home/burger/jeff_anu_ws/build/image_follow/install.log --single-version-externally-managed
