[11.530s] Invoking command in '/home/burger/jeff_anu_ws/src/image_follow': PYTHONPATH=/home/burger/jeff_anu_ws/build/image_follow/prefix_override:/home/burger/jeff_anu_ws/install/image_follow/lib/python3.10/site-packages:${PYTHONPATH} /usr/bin/python3 setup.py egg_info --egg-base ../../build/image_follow build --build-base /home/burger/jeff_anu_ws/build/image_follow/build install --record /home/burger/jeff_anu_ws/build/image_follow/install.log --single-version-externally-managed
[13.157s] running egg_info
[13.254s] writing ../../build/image_follow/image_follow.egg-info/PKG-INFO
[13.257s] writing dependency_links to ../../build/image_follow/image_follow.egg-info/dependency_links.txt
[13.259s] writing entry points to ../../build/image_follow/image_follow.egg-info/entry_points.txt
[13.261s] writing requirements to ../../build/image_follow/image_follow.egg-info/requires.txt
[13.262s] writing top-level names to ../../build/image_follow/image_follow.egg-info/top_level.txt
[13.459s] reading manifest file '../../build/image_follow/image_follow.egg-info/SOURCES.txt'
[13.465s] writing manifest file '../../build/image_follow/image_follow.egg-info/SOURCES.txt'
[13.468s] running build
[13.469s] running build_py
[13.472s] copying image_follow/detector.py -> /home/burger/jeff_anu_ws/build/image_follow/build/lib/image_follow
[13.475s] running install
[13.486s] /usr/local/lib/python3.10/dist-packages/setuptools/_distutils/cmd.py:66: SetuptoolsDeprecationWarning: setup.py install is deprecated.
[13.488s] !!
[13.488s] 
[13.491s]         ********************************************************************************
[13.495s]         Please avoid running ``setup.py`` directly.
[13.497s]         Instead, use pypa/build, pypa/installer or other
[13.498s]         standards-based tools.
[13.498s] 
[13.499s]         See https://blog.ganssle.io/articles/2021/10/setup-py-deprecated.html for details.
[13.500s]         ********************************************************************************
[13.501s] 
[13.502s] !!
[13.502s]   self.initialize_options()
[13.511s] running install_lib
[13.656s] copying /home/burger/jeff_anu_ws/build/image_follow/build/lib/image_follow/detector.py -> /home/burger/jeff_anu_ws/install/image_follow/lib/python3.10/site-packages/image_follow
[13.662s] byte-compiling /home/burger/jeff_anu_ws/install/image_follow/lib/python3.10/site-packages/image_follow/detector.py to detector.cpython-310.pyc
[13.675s] running install_data
[13.944s] running install_egg_info
[14.211s] removing '/home/burger/jeff_anu_ws/install/image_follow/lib/python3.10/site-packages/image_follow-0.0.0-py3.10.egg-info' (and everything under it)
[14.219s] Copying ../../build/image_follow/image_follow.egg-info to /home/burger/jeff_anu_ws/install/image_follow/lib/python3.10/site-packages/image_follow-0.0.0-py3.10.egg-info
[14.239s] running install_scripts
[16.072s] Installing detector script to /home/burger/jeff_anu_ws/install/image_follow/lib/image_follow
[16.077s] writing list of installed files to '/home/burger/jeff_anu_ws/build/image_follow/install.log'
[16.347s] Invoked command in '/home/burger/jeff_anu_ws/src/image_follow' returned '0': PYTHONPATH=/home/burger/jeff_anu_ws/build/image_follow/prefix_override:/home/burger/jeff_anu_ws/install/image_follow/lib/python3.10/site-packages:${PYTHONPATH} /usr/bin/python3 setup.py egg_info --egg-base ../../build/image_follow build --build-base /home/burger/jeff_anu_ws/build/image_follow/build install --record /home/burger/jeff_anu_ws/build/image_follow/install.log --single-version-externally-managed
