[8.247s] DEBUG:colcon:Command line arguments: ['/usr/bin/colcon', 'build', '--symlink-install']
[8.247s] DEBUG:colcon:Parsed command line arguments: Namespace(log_base=None, log_level=None, verb_name='build', build_base='build', install_base='install', merge_install=False, symlink_install=True, test_result_base=None, continue_on_error=False, executor='parallel', parallel_workers=4, event_handlers=None, ignore_user_meta=False, metas=['./colcon.meta'], base_paths=['.'], packages_ignore=None, packages_ignore_regex=None, paths=None, packages_up_to=None, packages_up_to_regex=None, packages_above=None, packages_above_and_dependencies=None, packages_above_depth=None, packages_select_by_dep=None, packages_skip_by_dep=None, packages_skip_up_to=None, packages_select_build_failed=False, packages_skip_build_finished=False, packages_select_test_failures=False, packages_skip_test_passed=False, packages_select=None, packages_skip=None, packages_select_regex=None, packages_skip_regex=None, packages_start=None, packages_end=None, allow_overriding=[], cmake_args=None, cmake_target=None, cmake_target_skip_unavailable=False, cmake_clean_cache=False, cmake_clean_first=False, cmake_force_configure=False, ament_cmake_args=None, catkin_cmake_args=None, catkin_skip_building_tests=False, verb_parser=<colcon_defaults.argument_parser.defaults.DefaultArgumentsDecorator object at 0xffff98b0b310>, verb_extension=<colcon_core.verb.build.BuildVerb object at 0xffff98c60670>, main=<bound method BuildVerb.main of <colcon_core.verb.build.BuildVerb object at 0xffff98c60670>>)
[8.510s] Level 1:colcon.colcon_core.package_discovery:discover_packages(colcon_meta) check parameters
[8.511s] Level 1:colcon.colcon_core.package_discovery:discover_packages(recursive) check parameters
[8.511s] Level 1:colcon.colcon_core.package_discovery:discover_packages(ignore) check parameters
[8.511s] Level 1:colcon.colcon_core.package_discovery:discover_packages(path) check parameters
[8.511s] Level 1:colcon.colcon_core.package_discovery:discover_packages(colcon_meta) discover
[8.512s] Level 1:colcon.colcon_core.package_discovery:discover_packages(recursive) discover
[8.512s] INFO:colcon.colcon_core.package_discovery:Crawling recursively for packages in '/home/burger/jeff_anu_ws'
[8.512s] Level 1:colcon.colcon_core.package_identification:_identify(.) by extensions ['ignore', 'ignore_ament_install']
[8.513s] Level 1:colcon.colcon_core.package_identification:_identify(.) by extension 'ignore'
[8.513s] Level 1:colcon.colcon_core.package_identification:_identify(.) by extension 'ignore_ament_install'
[8.513s] Level 1:colcon.colcon_core.package_identification:_identify(.) by extensions ['colcon_pkg']
[8.514s] Level 1:colcon.colcon_core.package_identification:_identify(.) by extension 'colcon_pkg'
[8.514s] Level 1:colcon.colcon_core.package_identification:_identify(.) by extensions ['colcon_meta']
[8.514s] Level 1:colcon.colcon_core.package_identification:_identify(.) by extension 'colcon_meta'
[8.514s] Level 1:colcon.colcon_core.package_identification:_identify(.) by extensions ['ros']
[8.514s] Level 1:colcon.colcon_core.package_identification:_identify(.) by extension 'ros'
[8.575s] Level 1:colcon.colcon_core.package_identification:_identify(.) by extensions ['cmake', 'python']
[8.576s] Level 1:colcon.colcon_core.package_identification:_identify(.) by extension 'cmake'
[8.576s] Level 1:colcon.colcon_core.package_identification:_identify(.) by extension 'python'
[8.576s] Level 1:colcon.colcon_core.package_identification:_identify(.) by extensions ['python_setup_py']
[8.576s] Level 1:colcon.colcon_core.package_identification:_identify(.) by extension 'python_setup_py'
[8.577s] Level 1:colcon.colcon_core.package_identification:_identify(build) by extensions ['ignore', 'ignore_ament_install']
[8.577s] Level 1:colcon.colcon_core.package_identification:_identify(build) by extension 'ignore'
[8.578s] Level 1:colcon.colcon_core.package_identification:_identify(build) ignored
[8.578s] Level 1:colcon.colcon_core.package_identification:_identify(install) by extensions ['ignore', 'ignore_ament_install']
[8.579s] Level 1:colcon.colcon_core.package_identification:_identify(install) by extension 'ignore'
[8.579s] Level 1:colcon.colcon_core.package_identification:_identify(install) ignored
[8.580s] Level 1:colcon.colcon_core.package_identification:_identify(log) by extensions ['ignore', 'ignore_ament_install']
[8.580s] Level 1:colcon.colcon_core.package_identification:_identify(log) by extension 'ignore'
[8.580s] Level 1:colcon.colcon_core.package_identification:_identify(log) ignored
[8.581s] Level 1:colcon.colcon_core.package_identification:_identify(src) by extensions ['ignore', 'ignore_ament_install']
[8.581s] Level 1:colcon.colcon_core.package_identification:_identify(src) by extension 'ignore'
[8.582s] Level 1:colcon.colcon_core.package_identification:_identify(src) by extension 'ignore_ament_install'
[8.582s] Level 1:colcon.colcon_core.package_identification:_identify(src) by extensions ['colcon_pkg']
[8.582s] Level 1:colcon.colcon_core.package_identification:_identify(src) by extension 'colcon_pkg'
[8.582s] Level 1:colcon.colcon_core.package_identification:_identify(src) by extensions ['colcon_meta']
[8.582s] Level 1:colcon.colcon_core.package_identification:_identify(src) by extension 'colcon_meta'
[8.583s] Level 1:colcon.colcon_core.package_identification:_identify(src) by extensions ['ros']
[8.583s] Level 1:colcon.colcon_core.package_identification:_identify(src) by extension 'ros'
[8.583s] Level 1:colcon.colcon_core.package_identification:_identify(src) by extensions ['cmake', 'python']
[8.583s] Level 1:colcon.colcon_core.package_identification:_identify(src) by extension 'cmake'
[8.583s] Level 1:colcon.colcon_core.package_identification:_identify(src) by extension 'python'
[8.584s] Level 1:colcon.colcon_core.package_identification:_identify(src) by extensions ['python_setup_py']
[8.584s] Level 1:colcon.colcon_core.package_identification:_identify(src) by extension 'python_setup_py'
[8.584s] Level 1:colcon.colcon_core.package_identification:_identify(src/image_follow) by extensions ['ignore', 'ignore_ament_install']
[8.585s] Level 1:colcon.colcon_core.package_identification:_identify(src/image_follow) by extension 'ignore'
[8.585s] Level 1:colcon.colcon_core.package_identification:_identify(src/image_follow) by extension 'ignore_ament_install'
[8.585s] Level 1:colcon.colcon_core.package_identification:_identify(src/image_follow) by extensions ['colcon_pkg']
[8.585s] Level 1:colcon.colcon_core.package_identification:_identify(src/image_follow) by extension 'colcon_pkg'
[8.586s] Level 1:colcon.colcon_core.package_identification:_identify(src/image_follow) by extensions ['colcon_meta']
[8.586s] Level 1:colcon.colcon_core.package_identification:_identify(src/image_follow) by extension 'colcon_meta'
[8.586s] Level 1:colcon.colcon_core.package_identification:_identify(src/image_follow) by extensions ['ros']
[8.586s] Level 1:colcon.colcon_core.package_identification:_identify(src/image_follow) by extension 'ros'
[8.594s] DEBUG:colcon.colcon_core.package_identification:Package 'src/image_follow' with type 'ros.ament_python' and name 'image_follow'
[8.595s] Level 1:colcon.colcon_core.package_discovery:discover_packages(recursive) using defaults
[8.595s] Level 1:colcon.colcon_core.package_discovery:discover_packages(ignore) discover
[8.595s] Level 1:colcon.colcon_core.package_discovery:discover_packages(ignore) using defaults
[8.595s] Level 1:colcon.colcon_core.package_discovery:discover_packages(path) discover
[8.595s] Level 1:colcon.colcon_core.package_discovery:discover_packages(path) using defaults
[9.008s] Level 1:colcon.colcon_core.package_discovery:discover_packages(prefix_path) check parameters
[9.009s] Level 1:colcon.colcon_core.package_discovery:discover_packages(prefix_path) discover
[9.190s] DEBUG:colcon.colcon_installed_package_information.package_discovery:Found 1 installed packages in /home/burger/jeff_anu_ws/install
[9.268s] DEBUG:colcon.colcon_installed_package_information.package_discovery:Found 8 installed packages in /home/burger/dontTouch_ws/install
[9.338s] DEBUG:colcon.colcon_installed_package_information.package_discovery:Found 206 installed packages in /opt/ros/humble
[9.519s] Level 1:colcon.colcon_core.package_discovery:discover_packages(prefix_path) using defaults
[10.337s] Level 5:colcon.colcon_core.verb:set package 'image_follow' build argument 'cmake_args' from command line to 'None'
[10.338s] Level 5:colcon.colcon_core.verb:set package 'image_follow' build argument 'cmake_target' from command line to 'None'
[10.338s] Level 5:colcon.colcon_core.verb:set package 'image_follow' build argument 'cmake_target_skip_unavailable' from command line to 'False'
[10.338s] Level 5:colcon.colcon_core.verb:set package 'image_follow' build argument 'cmake_clean_cache' from command line to 'False'
[10.339s] Level 5:colcon.colcon_core.verb:set package 'image_follow' build argument 'cmake_clean_first' from command line to 'False'
[10.339s] Level 5:colcon.colcon_core.verb:set package 'image_follow' build argument 'cmake_force_configure' from command line to 'False'
[10.339s] Level 5:colcon.colcon_core.verb:set package 'image_follow' build argument 'ament_cmake_args' from command line to 'None'
[10.340s] Level 5:colcon.colcon_core.verb:set package 'image_follow' build argument 'catkin_cmake_args' from command line to 'None'
[10.340s] Level 5:colcon.colcon_core.verb:set package 'image_follow' build argument 'catkin_skip_building_tests' from command line to 'False'
[10.340s] DEBUG:colcon.colcon_core.verb:Building package 'image_follow' with the following arguments: {'ament_cmake_args': None, 'build_base': '/home/burger/jeff_anu_ws/build/image_follow', 'catkin_cmake_args': None, 'catkin_skip_building_tests': False, 'cmake_args': None, 'cmake_clean_cache': False, 'cmake_clean_first': False, 'cmake_force_configure': False, 'cmake_target': None, 'cmake_target_skip_unavailable': False, 'install_base': '/home/burger/jeff_anu_ws/install/image_follow', 'merge_install': False, 'path': '/home/burger/jeff_anu_ws/src/image_follow', 'symlink_install': True, 'test_result_base': None}
[10.519s] INFO:colcon.colcon_core.executor:Executing jobs using 'parallel' executor
[10.693s] DEBUG:colcon.colcon_parallel_executor.executor.parallel:run_until_complete
[10.695s] INFO:colcon.colcon_ros.task.ament_python.build:Building ROS package in '/home/burger/jeff_anu_ws/src/image_follow' with build type 'ament_python'
[10.696s] Level 1:colcon.colcon_core.shell:create_environment_hook('image_follow', 'ament_prefix_path')
[10.903s] INFO:colcon.colcon_core.plugin_system:Skipping extension 'colcon_core.shell.bat': Not used on non-Windows systems
[10.905s] INFO:colcon.colcon_core.shell:Creating environment hook '/home/burger/jeff_anu_ws/install/image_follow/share/image_follow/hook/ament_prefix_path.ps1'
[10.911s] INFO:colcon.colcon_core.shell:Creating environment descriptor '/home/burger/jeff_anu_ws/install/image_follow/share/image_follow/hook/ament_prefix_path.dsv'
[10.916s] INFO:colcon.colcon_core.shell:Creating environment hook '/home/burger/jeff_anu_ws/install/image_follow/share/image_follow/hook/ament_prefix_path.sh'
[11.110s] INFO:colcon.colcon_core.shell:Skip shell extension 'powershell' for command environment: Not usable outside of PowerShell
[11.111s] DEBUG:colcon.colcon_core.shell:Skip shell extension 'dsv' for command environment
[13.851s] INFO:colcon.colcon_core.task.python.build:Building Python package in '/home/burger/jeff_anu_ws/src/image_follow'
[14.040s] INFO:colcon.colcon_core.shell:Skip shell extension 'powershell' for command environment: Not usable outside of PowerShell
[14.041s] DEBUG:colcon.colcon_core.shell:Skip shell extension 'dsv' for command environment
[20.320s] DEBUG:colcon.colcon_core.task.python.build:While undoing a previous installation files outside the Python library path are being ignored: /home/burger/jeff_anu_ws/install/image_follow/share/ament_index/resource_index/packages/image_follow
[20.320s] DEBUG:colcon.colcon_core.task.python.build:While undoing a previous installation files outside the Python library path are being ignored: /home/burger/jeff_anu_ws/install/image_follow/share/image_follow/package.xml
[20.324s] DEBUG:colcon.colcon_core.task.python.build:While undoing a previous installation files outside the Python library path are being ignored: /home/burger/jeff_anu_ws/install/image_follow/lib/image_follow/detector
[20.340s] DEBUG:colcon.colcon_core.event_handler.log_command:Invoking command in '/home/burger/jeff_anu_ws/build/image_follow': PYTHONPATH=/home/burger/jeff_anu_ws/build/image_follow/prefix_override:/home/burger/jeff_anu_ws/install/image_follow/lib/python3.10/site-packages:${PYTHONPATH} /usr/bin/python3 setup.py develop --editable --build-directory /home/burger/jeff_anu_ws/build/image_follow/build --no-deps install_data
[27.390s] Level 1:colcon.colcon_core.shell:create_environment_hook('image_follow', 'pythonpath_develop')
[27.395s] DEBUG:colcon.colcon_core.event_handler.log_command:Invoked command in '/home/burger/jeff_anu_ws/build/image_follow' returned '0': PYTHONPATH=/home/burger/jeff_anu_ws/build/image_follow/prefix_override:/home/burger/jeff_anu_ws/install/image_follow/lib/python3.10/site-packages:${PYTHONPATH} /usr/bin/python3 setup.py develop --editable --build-directory /home/burger/jeff_anu_ws/build/image_follow/build --no-deps install_data
[27.478s] INFO:colcon.colcon_core.shell:Creating environment hook '/home/burger/jeff_anu_ws/build/image_follow/share/image_follow/hook/pythonpath_develop.ps1'
[27.484s] INFO:colcon.colcon_core.shell:Creating environment descriptor '/home/burger/jeff_anu_ws/build/image_follow/share/image_follow/hook/pythonpath_develop.dsv'
[27.486s] INFO:colcon.colcon_core.shell:Creating environment hook '/home/burger/jeff_anu_ws/build/image_follow/share/image_follow/hook/pythonpath_develop.sh'
[27.571s] Level 1:colcon.colcon_core.environment:checking '/home/burger/jeff_anu_ws/install/image_follow' for CMake module files
[27.574s] Level 1:colcon.colcon_core.environment:checking '/home/burger/jeff_anu_ws/install/image_follow' for CMake config files
[27.578s] Level 1:colcon.colcon_core.environment:checking '/home/burger/jeff_anu_ws/install/image_follow/lib'
[27.580s] Level 1:colcon.colcon_core.environment:checking '/home/burger/jeff_anu_ws/install/image_follow/bin'
[27.581s] Level 1:colcon.colcon_core.environment:checking '/home/burger/jeff_anu_ws/install/image_follow/lib/pkgconfig/image_follow.pc'
[27.582s] Level 1:colcon.colcon_core.environment:checking '/home/burger/jeff_anu_ws/install/image_follow/lib/python3.10/site-packages'
[27.583s] Level 1:colcon.colcon_core.shell:create_environment_hook('image_follow', 'pythonpath')
[27.650s] INFO:colcon.colcon_core.shell:Creating environment hook '/home/burger/jeff_anu_ws/install/image_follow/share/image_follow/hook/pythonpath.ps1'
[27.652s] INFO:colcon.colcon_core.shell:Creating environment descriptor '/home/burger/jeff_anu_ws/install/image_follow/share/image_follow/hook/pythonpath.dsv'
[27.654s] INFO:colcon.colcon_core.shell:Creating environment hook '/home/burger/jeff_anu_ws/install/image_follow/share/image_follow/hook/pythonpath.sh'
[27.657s] Level 1:colcon.colcon_core.environment:checking '/home/burger/jeff_anu_ws/install/image_follow/bin'
[27.657s] Level 1:colcon.colcon_core.environment:create_environment_scripts_only(image_follow)
[27.718s] INFO:colcon.colcon_core.shell:Creating package script '/home/burger/jeff_anu_ws/install/image_follow/share/image_follow/package.ps1'
[27.722s] INFO:colcon.colcon_core.shell:Creating package descriptor '/home/burger/jeff_anu_ws/install/image_follow/share/image_follow/package.dsv'
[27.725s] INFO:colcon.colcon_core.shell:Creating package script '/home/burger/jeff_anu_ws/install/image_follow/share/image_follow/package.sh'
[27.728s] INFO:colcon.colcon_core.shell:Creating package script '/home/burger/jeff_anu_ws/install/image_follow/share/image_follow/package.bash'
[27.732s] INFO:colcon.colcon_core.shell:Creating package script '/home/burger/jeff_anu_ws/install/image_follow/share/image_follow/package.zsh'
[27.735s] Level 1:colcon.colcon_core.environment:create_file_with_runtime_dependencies(/home/burger/jeff_anu_ws/install/image_follow/share/colcon-core/packages/image_follow)
[27.737s] DEBUG:colcon.colcon_parallel_executor.executor.parallel:closing loop
[27.738s] DEBUG:colcon.colcon_parallel_executor.executor.parallel:loop closed
[27.738s] DEBUG:colcon.colcon_parallel_executor.executor.parallel:run_until_complete finished with '0'
[27.738s] DEBUG:colcon.colcon_core.event_reactor:joining thread
[27.846s] INFO:colcon.colcon_core.plugin_system:Skipping extension 'colcon_notification.desktop_notification.notify_send': Could not find 'notify-send'
[27.847s] INFO:colcon.colcon_core.plugin_system:Skipping extension 'colcon_notification.desktop_notification.terminal_notifier': Not used on non-Darwin systems
[27.848s] INFO:colcon.colcon_core.plugin_system:Skipping extension 'colcon_notification.desktop_notification.win32': Not used on non-Windows systems
[27.848s] INFO:colcon.colcon_notification.desktop_notification:Sending desktop notification using 'notify2'
[27.856s] DEBUG:colcon.colcon_notification.desktop_notification.notify2:Failed to initialize notify2: org.freedesktop.DBus.Error.ServiceUnknown: The name org.freedesktop.Notifications was not provided by any .service files
[27.856s] DEBUG:colcon.colcon_core.event_reactor:joined thread
[28.053s] INFO:colcon.colcon_core.shell:Creating prefix script '/home/burger/jeff_anu_ws/install/local_setup.ps1'
[28.062s] INFO:colcon.colcon_core.shell:Creating prefix util module '/home/burger/jeff_anu_ws/install/_local_setup_util_ps1.py'
[28.077s] INFO:colcon.colcon_core.shell:Creating prefix chain script '/home/burger/jeff_anu_ws/install/setup.ps1'
[28.267s] INFO:colcon.colcon_core.shell:Creating prefix script '/home/burger/jeff_anu_ws/install/local_setup.sh'
[28.274s] INFO:colcon.colcon_core.shell:Creating prefix util module '/home/burger/jeff_anu_ws/install/_local_setup_util_sh.py'
[28.279s] INFO:colcon.colcon_core.shell:Creating prefix chain script '/home/burger/jeff_anu_ws/install/setup.sh'
[28.464s] INFO:colcon.colcon_core.shell:Creating prefix script '/home/burger/jeff_anu_ws/install/local_setup.bash'
[28.470s] INFO:colcon.colcon_core.shell:Creating prefix chain script '/home/burger/jeff_anu_ws/install/setup.bash'
[28.660s] INFO:colcon.colcon_core.shell:Creating prefix script '/home/burger/jeff_anu_ws/install/local_setup.zsh'
[28.666s] INFO:colcon.colcon_core.shell:Creating prefix chain script '/home/burger/jeff_anu_ws/install/setup.zsh'
