[9.966s] Invoking command in '/home/burger/jeff_anu_ws/src/image_follow': PYTHONPATH=/home/burger/jeff_anu_ws/build/image_follow/prefix_override:/home/burger/jeff_anu_ws/install/image_follow/lib/python3.10/site-packages:${PYTHONPATH} /usr/bin/python3 setup.py egg_info --egg-base ../../build/image_follow build --build-base /home/burger/jeff_anu_ws/build/image_follow/build install --record /home/burger/jeff_anu_ws/build/image_follow/install.log --single-version-externally-managed
[12.676s] running egg_info
[12.745s] writing ../../build/image_follow/image_follow.egg-info/PKG-INFO
[12.747s] writing dependency_links to ../../build/image_follow/image_follow.egg-info/dependency_links.txt
[12.748s] writing entry points to ../../build/image_follow/image_follow.egg-info/entry_points.txt
[12.750s] writing requirements to ../../build/image_follow/image_follow.egg-info/requires.txt
[12.751s] writing top-level names to ../../build/image_follow/image_follow.egg-info/top_level.txt
[13.101s] reading manifest file '../../build/image_follow/image_follow.egg-info/SOURCES.txt'
[13.115s] writing manifest file '../../build/image_follow/image_follow.egg-info/SOURCES.txt'
[13.118s] running build
[13.119s] running build_py
[13.122s] copying image_follow/detector.py -> /home/burger/jeff_anu_ws/build/image_follow/build/lib/image_follow
[13.130s] running install
[13.136s] /usr/local/lib/python3.10/dist-packages/setuptools/_distutils/cmd.py:66: SetuptoolsDeprecationWarning: setup.py install is deprecated.
[13.137s] !!
[13.139s] 
[13.140s]         ********************************************************************************
[13.141s]         Please avoid running ``setup.py`` directly.
[13.142s]         Instead, use pypa/build, pypa/installer or other
[13.143s]         standards-based tools.
[13.144s] 
[13.145s]         See https://blog.ganssle.io/articles/2021/10/setup-py-deprecated.html for details.
[13.146s]         ********************************************************************************
[13.147s] 
[13.148s] !!
[13.149s]   self.initialize_options()
[13.200s] running install_lib
[13.396s] copying /home/burger/jeff_anu_ws/build/image_follow/build/lib/image_follow/detector.py -> /home/burger/jeff_anu_ws/install/image_follow/lib/python3.10/site-packages/image_follow
[13.405s] byte-compiling /home/burger/jeff_anu_ws/install/image_follow/lib/python3.10/site-packages/image_follow/detector.py to detector.cpython-310.pyc
[13.418s] running install_data
[13.609s] running install_egg_info
[13.807s] removing '/home/burger/jeff_anu_ws/install/image_follow/lib/python3.10/site-packages/image_follow-0.0.0-py3.10.egg-info' (and everything under it)
[13.812s] Copying ../../build/image_follow/image_follow.egg-info to /home/burger/jeff_anu_ws/install/image_follow/lib/python3.10/site-packages/image_follow-0.0.0-py3.10.egg-info
[13.831s] running install_scripts
[15.716s] Installing detector script to /home/burger/jeff_anu_ws/install/image_follow/lib/image_follow
[15.721s] Installing follower script to /home/burger/jeff_anu_ws/install/image_follow/lib/image_follow
[15.722s] Installing lidar_detector script to /home/burger/jeff_anu_ws/install/image_follow/lib/image_follow
[15.725s] writing list of installed files to '/home/burger/jeff_anu_ws/build/image_follow/install.log'
[15.976s] Invoked command in '/home/burger/jeff_anu_ws/src/image_follow' returned '0': PYTHONPATH=/home/burger/jeff_anu_ws/build/image_follow/prefix_override:/home/burger/jeff_anu_ws/install/image_follow/lib/python3.10/site-packages:${PYTHONPATH} /usr/bin/python3 setup.py egg_info --egg-base ../../build/image_follow build --build-base /home/burger/jeff_anu_ws/build/image_follow/build install --record /home/burger/jeff_anu_ws/build/image_follow/install.log --single-version-externally-managed
