[10.647s] Invoking command in '/home/burger/jeff_anu_ws/src/image_follow': PYTHONPATH=/home/burger/jeff_anu_ws/build/image_follow/prefix_override:/home/burger/jeff_anu_ws/install/image_follow/lib/python3.10/site-packages:${PYTHONPATH} /usr/bin/python3 setup.py egg_info --egg-base ../../build/image_follow build --build-base /home/burger/jeff_anu_ws/build/image_follow/build install --record /home/burger/jeff_anu_ws/build/image_follow/install.log --single-version-externally-managed
[13.476s] running egg_info
[13.677s] writing ../../build/image_follow/image_follow.egg-info/PKG-INFO
[13.681s] writing dependency_links to ../../build/image_follow/image_follow.egg-info/dependency_links.txt
[13.686s] writing entry points to ../../build/image_follow/image_follow.egg-info/entry_points.txt
[13.689s] writing requirements to ../../build/image_follow/image_follow.egg-info/requires.txt
[13.691s] writing top-level names to ../../build/image_follow/image_follow.egg-info/top_level.txt
[13.887s] reading manifest file '../../build/image_follow/image_follow.egg-info/SOURCES.txt'
[13.899s] writing manifest file '../../build/image_follow/image_follow.egg-info/SOURCES.txt'
[13.901s] running build
[13.907s] running build_py
[13.908s] copying image_follow/detector.py -> /home/burger/jeff_anu_ws/build/image_follow/build/lib/image_follow
[13.910s] running install
[13.915s] /usr/local/lib/python3.10/dist-packages/setuptools/_distutils/cmd.py:66: SetuptoolsDeprecationWarning: setup.py install is deprecated.
[13.920s] !!
[13.921s] 
[13.922s]         ********************************************************************************
[13.923s]         Please avoid running ``setup.py`` directly.
[13.940s]         Instead, use pypa/build, pypa/installer or other
[13.942s]         standards-based tools.
[13.943s] 
[13.947s]         See https://blog.ganssle.io/articles/2021/10/setup-py-deprecated.html for details.
[13.949s]         ********************************************************************************
[13.949s] 
[13.950s] !!
[13.952s]   self.initialize_options()
[13.995s] running install_lib
[14.181s] copying /home/burger/jeff_anu_ws/build/image_follow/build/lib/image_follow/detector.py -> /home/burger/jeff_anu_ws/install/image_follow/lib/python3.10/site-packages/image_follow
[14.190s] byte-compiling /home/burger/jeff_anu_ws/install/image_follow/lib/python3.10/site-packages/image_follow/detector.py to detector.cpython-310.pyc
[14.208s] running install_data
[14.419s] running install_egg_info
[14.621s] removing '/home/burger/jeff_anu_ws/install/image_follow/lib/python3.10/site-packages/image_follow-0.0.0-py3.10.egg-info' (and everything under it)
[14.628s] Copying ../../build/image_follow/image_follow.egg-info to /home/burger/jeff_anu_ws/install/image_follow/lib/python3.10/site-packages/image_follow-0.0.0-py3.10.egg-info
[14.652s] running install_scripts
[16.562s] Installing detector script to /home/burger/jeff_anu_ws/install/image_follow/lib/image_follow
[16.579s] writing list of installed files to '/home/burger/jeff_anu_ws/build/image_follow/install.log'
[16.852s] Invoked command in '/home/burger/jeff_anu_ws/src/image_follow' returned '0': PYTHONPATH=/home/burger/jeff_anu_ws/build/image_follow/prefix_override:/home/burger/jeff_anu_ws/install/image_follow/lib/python3.10/site-packages:${PYTHONPATH} /usr/bin/python3 setup.py egg_info --egg-base ../../build/image_follow build --build-base /home/burger/jeff_anu_ws/build/image_follow/build install --record /home/burger/jeff_anu_ws/build/image_follow/install.log --single-version-externally-managed
