running develop
/usr/local/lib/python3.10/dist-packages/setuptools/command/develop.py:40: EasyInstallDeprecationWarning: easy_install command is deprecated.
!!

        ********************************************************************************
        Please avoid running ``setup.py`` and ``easy_install``.
        Instead, use pypa/build, pypa/installer or other
        standards-based tools.

        See https://github.com/pypa/setuptools/issues/917 for details.
        ********************************************************************************

!!
  easy_install.initialize_options(self)
/usr/local/lib/python3.10/dist-packages/setuptools/_distutils/cmd.py:66: SetuptoolsDeprecationWarning: setup.py install is deprecated.
!!

        ********************************************************************************
        Please avoid running ``setup.py`` directly.
        Instead, use pypa/build, pypa/installer or other
        standards-based tools.

        See https://blog.ganssle.io/articles/2021/10/setup-py-deprecated.html for details.
        ********************************************************************************

!!
  self.initialize_options()
running egg_info
writing image_follow.egg-info/PKG-INFO
writing dependency_links to image_follow.egg-info/dependency_links.txt
writing entry points to image_follow.egg-info/entry_points.txt
writing requirements to image_follow.egg-info/requires.txt
writing top-level names to image_follow.egg-info/top_level.txt
reading manifest file 'image_follow.egg-info/SOURCES.txt'
writing manifest file 'image_follow.egg-info/SOURCES.txt'
running build_ext
Creating /home/burger/jeff_anu_ws/install/image_follow/lib/python3.10/site-packages/image-follow.egg-link (link to .)
Installing detector script to /home/burger/jeff_anu_ws/install/image_follow/lib/image_follow
Installing follower script to /home/burger/jeff_anu_ws/install/image_follow/lib/image_follow

Installed /home/burger/jeff_anu_ws/build/image_follow
running install_data
