[9.638s] Invoking command in '/home/burger/jeff_anu_ws/build/image_follow': PYTHONPATH=/home/burger/jeff_anu_ws/build/image_follow/prefix_override:/home/burger/jeff_anu_ws/install/image_follow/lib/python3.10/site-packages:${PYTHONPATH} /usr/bin/python3 setup.py develop --editable --build-directory /home/burger/jeff_anu_ws/build/image_follow/build --no-deps install_data
[13.088s] running develop
[13.091s] /usr/local/lib/python3.10/dist-packages/setuptools/command/develop.py:40: EasyInstallDeprecationWarning: easy_install command is deprecated.
[13.092s] !!
[13.093s] 
[13.094s]         ********************************************************************************
[13.095s]         Please avoid running ``setup.py`` and ``easy_install``.
[13.096s]         Instead, use pypa/build, pypa/installer or other
[13.097s]         standards-based tools.
[13.098s] 
[13.099s]         See https://github.com/pypa/setuptools/issues/917 for details.
[13.112s]         ********************************************************************************
[13.113s] 
[13.114s] !!
[13.115s]   easy_install.initialize_options(self)
[13.385s] /usr/local/lib/python3.10/dist-packages/setuptools/_distutils/cmd.py:66: SetuptoolsDeprecationWarning: setup.py install is deprecated.
[13.386s] !!
[13.386s] 
[13.387s]         ********************************************************************************
[13.387s]         Please avoid running ``setup.py`` directly.
[13.387s]         Instead, use pypa/build, pypa/installer or other
[13.387s]         standards-based tools.
[13.388s] 
[13.388s]         See https://blog.ganssle.io/articles/2021/10/setup-py-deprecated.html for details.
[13.389s]         ********************************************************************************
[13.389s] 
[13.389s] !!
[13.390s]   self.initialize_options()
[15.605s] running egg_info
[15.786s] writing image_follow.egg-info/PKG-INFO
[15.798s] writing dependency_links to image_follow.egg-info/dependency_links.txt
[15.813s] writing entry points to image_follow.egg-info/entry_points.txt
[15.814s] writing requirements to image_follow.egg-info/requires.txt
[15.815s] writing top-level names to image_follow.egg-info/top_level.txt
[16.177s] reading manifest file 'image_follow.egg-info/SOURCES.txt'
[16.187s] writing manifest file 'image_follow.egg-info/SOURCES.txt'
[16.392s] running build_ext
[16.396s] Creating /home/burger/jeff_anu_ws/install/image_follow/lib/python3.10/site-packages/image-follow.egg-link (link to .)
[16.405s] Installing detector script to /home/burger/jeff_anu_ws/install/image_follow/lib/image_follow
[16.414s] Installing follower script to /home/burger/jeff_anu_ws/install/image_follow/lib/image_follow
[16.415s] 
[16.416s] Installed /home/burger/jeff_anu_ws/build/image_follow
[16.417s] running install_data
[16.693s] Invoked command in '/home/burger/jeff_anu_ws/build/image_follow' returned '0': PYTHONPATH=/home/burger/jeff_anu_ws/build/image_follow/prefix_override:/home/burger/jeff_anu_ws/install/image_follow/lib/python3.10/site-packages:${PYTHONPATH} /usr/bin/python3 setup.py develop --editable --build-directory /home/burger/jeff_anu_ws/build/image_follow/build --no-deps install_data
