[8.187s] DEBUG:colcon:Command line arguments: ['/usr/bin/colcon', 'build']
[8.187s] DEBUG:colcon:Parsed command line arguments: Namespace(log_base=None, log_level=None, verb_name='build', build_base='build', install_base='install', merge_install=False, symlink_install=False, test_result_base=None, continue_on_error=False, executor='parallel', parallel_workers=4, event_handlers=None, ignore_user_meta=False, metas=['./colcon.meta'], base_paths=['.'], packages_ignore=None, packages_ignore_regex=None, paths=None, packages_up_to=None, packages_up_to_regex=None, packages_above=None, packages_above_and_dependencies=None, packages_above_depth=None, packages_select_by_dep=None, packages_skip_by_dep=None, packages_skip_up_to=None, packages_select_build_failed=False, packages_skip_build_finished=False, packages_select_test_failures=False, packages_skip_test_passed=False, packages_select=None, packages_skip=None, packages_select_regex=None, packages_skip_regex=None, packages_start=None, packages_end=None, allow_overriding=[], cmake_args=None, cmake_target=None, cmake_target_skip_unavailable=False, cmake_clean_cache=False, cmake_clean_first=False, cmake_force_configure=False, ament_cmake_args=None, catkin_cmake_args=None, catkin_skip_building_tests=False, verb_parser=<colcon_defaults.argument_parser.defaults.DefaultArgumentsDecorator object at 0xffffb10eb010>, verb_extension=<colcon_core.verb.build.BuildVerb object at 0xffffb14dc670>, main=<bound method BuildVerb.main of <colcon_core.verb.build.BuildVerb object at 0xffffb14dc670>>)
[8.631s] Level 1:colcon.colcon_core.package_discovery:discover_packages(colcon_meta) check parameters
[8.635s] Level 1:colcon.colcon_core.package_discovery:discover_packages(recursive) check parameters
[8.636s] Level 1:colcon.colcon_core.package_discovery:discover_packages(ignore) check parameters
[8.637s] Level 1:colcon.colcon_core.package_discovery:discover_packages(path) check parameters
[8.637s] Level 1:colcon.colcon_core.package_discovery:discover_packages(colcon_meta) discover
[8.638s] Level 1:colcon.colcon_core.package_discovery:discover_packages(recursive) discover
[8.638s] INFO:colcon.colcon_core.package_discovery:Crawling recursively for packages in '/home/burger/jeff_anu_ws'
[8.640s] Level 1:colcon.colcon_core.package_identification:_identify(.) by extensions ['ignore', 'ignore_ament_install']
[8.642s] Level 1:colcon.colcon_core.package_identification:_identify(.) by extension 'ignore'
[8.643s] Level 1:colcon.colcon_core.package_identification:_identify(.) by extension 'ignore_ament_install'
[8.645s] Level 1:colcon.colcon_core.package_identification:_identify(.) by extensions ['colcon_pkg']
[8.646s] Level 1:colcon.colcon_core.package_identification:_identify(.) by extension 'colcon_pkg'
[8.648s] Level 1:colcon.colcon_core.package_identification:_identify(.) by extensions ['colcon_meta']
[8.649s] Level 1:colcon.colcon_core.package_identification:_identify(.) by extension 'colcon_meta'
[8.651s] Level 1:colcon.colcon_core.package_identification:_identify(.) by extensions ['ros']
[8.652s] Level 1:colcon.colcon_core.package_identification:_identify(.) by extension 'ros'
[8.822s] Level 1:colcon.colcon_core.package_identification:_identify(.) by extensions ['cmake', 'python']
[8.823s] Level 1:colcon.colcon_core.package_identification:_identify(.) by extension 'cmake'
[8.824s] Level 1:colcon.colcon_core.package_identification:_identify(.) by extension 'python'
[8.825s] Level 1:colcon.colcon_core.package_identification:_identify(.) by extensions ['python_setup_py']
[8.826s] Level 1:colcon.colcon_core.package_identification:_identify(.) by extension 'python_setup_py'
[8.829s] Level 1:colcon.colcon_core.package_identification:_identify(build) by extensions ['ignore', 'ignore_ament_install']
[8.831s] Level 1:colcon.colcon_core.package_identification:_identify(build) by extension 'ignore'
[8.831s] Level 1:colcon.colcon_core.package_identification:_identify(build) ignored
[8.833s] Level 1:colcon.colcon_core.package_identification:_identify(install) by extensions ['ignore', 'ignore_ament_install']
[8.834s] Level 1:colcon.colcon_core.package_identification:_identify(install) by extension 'ignore'
[8.834s] Level 1:colcon.colcon_core.package_identification:_identify(install) ignored
[8.836s] Level 1:colcon.colcon_core.package_identification:_identify(log) by extensions ['ignore', 'ignore_ament_install']
[8.837s] Level 1:colcon.colcon_core.package_identification:_identify(log) by extension 'ignore'
[8.838s] Level 1:colcon.colcon_core.package_identification:_identify(log) ignored
[8.839s] Level 1:colcon.colcon_core.package_identification:_identify(src) by extensions ['ignore', 'ignore_ament_install']
[8.840s] Level 1:colcon.colcon_core.package_identification:_identify(src) by extension 'ignore'
[8.840s] Level 1:colcon.colcon_core.package_identification:_identify(src) by extension 'ignore_ament_install'
[8.841s] Level 1:colcon.colcon_core.package_identification:_identify(src) by extensions ['colcon_pkg']
[8.842s] Level 1:colcon.colcon_core.package_identification:_identify(src) by extension 'colcon_pkg'
[8.842s] Level 1:colcon.colcon_core.package_identification:_identify(src) by extensions ['colcon_meta']
[8.843s] Level 1:colcon.colcon_core.package_identification:_identify(src) by extension 'colcon_meta'
[8.843s] Level 1:colcon.colcon_core.package_identification:_identify(src) by extensions ['ros']
[8.844s] Level 1:colcon.colcon_core.package_identification:_identify(src) by extension 'ros'
[8.844s] Level 1:colcon.colcon_core.package_identification:_identify(src) by extensions ['cmake', 'python']
[8.845s] Level 1:colcon.colcon_core.package_identification:_identify(src) by extension 'cmake'
[8.845s] Level 1:colcon.colcon_core.package_identification:_identify(src) by extension 'python'
[8.846s] Level 1:colcon.colcon_core.package_identification:_identify(src) by extensions ['python_setup_py']
[8.847s] Level 1:colcon.colcon_core.package_identification:_identify(src) by extension 'python_setup_py'
[8.848s] Level 1:colcon.colcon_core.package_identification:_identify(src/image_follow) by extensions ['ignore', 'ignore_ament_install']
[8.849s] Level 1:colcon.colcon_core.package_identification:_identify(src/image_follow) by extension 'ignore'
[8.850s] Level 1:colcon.colcon_core.package_identification:_identify(src/image_follow) by extension 'ignore_ament_install'
[8.851s] Level 1:colcon.colcon_core.package_identification:_identify(src/image_follow) by extensions ['colcon_pkg']
[8.851s] Level 1:colcon.colcon_core.package_identification:_identify(src/image_follow) by extension 'colcon_pkg'
[8.852s] Level 1:colcon.colcon_core.package_identification:_identify(src/image_follow) by extensions ['colcon_meta']
[8.853s] Level 1:colcon.colcon_core.package_identification:_identify(src/image_follow) by extension 'colcon_meta'
[8.854s] Level 1:colcon.colcon_core.package_identification:_identify(src/image_follow) by extensions ['ros']
[8.854s] Level 1:colcon.colcon_core.package_identification:_identify(src/image_follow) by extension 'ros'
[8.881s] DEBUG:colcon.colcon_core.package_identification:Package 'src/image_follow' with type 'ros.ament_python' and name 'image_follow'
[8.882s] Level 1:colcon.colcon_core.package_discovery:discover_packages(recursive) using defaults
[8.883s] Level 1:colcon.colcon_core.package_discovery:discover_packages(ignore) discover
[8.884s] Level 1:colcon.colcon_core.package_discovery:discover_packages(ignore) using defaults
[8.884s] Level 1:colcon.colcon_core.package_discovery:discover_packages(path) discover
[8.885s] Level 1:colcon.colcon_core.package_discovery:discover_packages(path) using defaults
[10.127s] Level 1:colcon.colcon_core.package_discovery:discover_packages(prefix_path) check parameters
[10.127s] Level 1:colcon.colcon_core.package_discovery:discover_packages(prefix_path) discover
[10.511s] DEBUG:colcon.colcon_installed_package_information.package_discovery:Found 1 installed packages in /home/burger/jeff_anu_ws/install
[10.704s] DEBUG:colcon.colcon_installed_package_information.package_discovery:Found 8 installed packages in /home/burger/dontTouch_ws/install
[10.905s] DEBUG:colcon.colcon_installed_package_information.package_discovery:Found 206 installed packages in /opt/ros/humble
[10.921s] Level 1:colcon.colcon_core.package_discovery:discover_packages(prefix_path) using defaults
[11.648s] Level 5:colcon.colcon_core.verb:set package 'image_follow' build argument 'cmake_args' from command line to 'None'
[11.649s] Level 5:colcon.colcon_core.verb:set package 'image_follow' build argument 'cmake_target' from command line to 'None'
[11.649s] Level 5:colcon.colcon_core.verb:set package 'image_follow' build argument 'cmake_target_skip_unavailable' from command line to 'False'
[11.649s] Level 5:colcon.colcon_core.verb:set package 'image_follow' build argument 'cmake_clean_cache' from command line to 'False'
[11.650s] Level 5:colcon.colcon_core.verb:set package 'image_follow' build argument 'cmake_clean_first' from command line to 'False'
[11.650s] Level 5:colcon.colcon_core.verb:set package 'image_follow' build argument 'cmake_force_configure' from command line to 'False'
[11.651s] Level 5:colcon.colcon_core.verb:set package 'image_follow' build argument 'ament_cmake_args' from command line to 'None'
[11.651s] Level 5:colcon.colcon_core.verb:set package 'image_follow' build argument 'catkin_cmake_args' from command line to 'None'
[11.652s] Level 5:colcon.colcon_core.verb:set package 'image_follow' build argument 'catkin_skip_building_tests' from command line to 'False'
[11.653s] DEBUG:colcon.colcon_core.verb:Building package 'image_follow' with the following arguments: {'ament_cmake_args': None, 'build_base': '/home/burger/jeff_anu_ws/build/image_follow', 'catkin_cmake_args': None, 'catkin_skip_building_tests': False, 'cmake_args': None, 'cmake_clean_cache': False, 'cmake_clean_first': False, 'cmake_force_configure': False, 'cmake_target': None, 'cmake_target_skip_unavailable': False, 'install_base': '/home/burger/jeff_anu_ws/install/image_follow', 'merge_install': False, 'path': '/home/burger/jeff_anu_ws/src/image_follow', 'symlink_install': False, 'test_result_base': None}
[11.714s] INFO:colcon.colcon_core.executor:Executing jobs using 'parallel' executor
[11.917s] DEBUG:colcon.colcon_parallel_executor.executor.parallel:run_until_complete
[11.919s] INFO:colcon.colcon_ros.task.ament_python.build:Building ROS package in '/home/burger/jeff_anu_ws/src/image_follow' with build type 'ament_python'
[11.921s] Level 1:colcon.colcon_core.shell:create_environment_hook('image_follow', 'ament_prefix_path')
[12.159s] INFO:colcon.colcon_core.plugin_system:Skipping extension 'colcon_core.shell.bat': Not used on non-Windows systems
[12.162s] INFO:colcon.colcon_core.shell:Creating environment hook '/home/burger/jeff_anu_ws/install/image_follow/share/image_follow/hook/ament_prefix_path.ps1'
[12.170s] INFO:colcon.colcon_core.shell:Creating environment descriptor '/home/burger/jeff_anu_ws/install/image_follow/share/image_follow/hook/ament_prefix_path.dsv'
[12.177s] INFO:colcon.colcon_core.shell:Creating environment hook '/home/burger/jeff_anu_ws/install/image_follow/share/image_follow/hook/ament_prefix_path.sh'
[12.394s] INFO:colcon.colcon_core.shell:Skip shell extension 'powershell' for command environment: Not usable outside of PowerShell
[12.395s] DEBUG:colcon.colcon_core.shell:Skip shell extension 'dsv' for command environment
[15.419s] INFO:colcon.colcon_core.task.python.build:Building Python package in '/home/burger/jeff_anu_ws/src/image_follow'
[15.623s] INFO:colcon.colcon_core.shell:Skip shell extension 'powershell' for command environment: Not usable outside of PowerShell
[15.624s] DEBUG:colcon.colcon_core.shell:Skip shell extension 'dsv' for command environment
[22.571s] DEBUG:colcon.colcon_core.event_handler.log_command:Invoking command in '/home/burger/jeff_anu_ws/src/image_follow': PYTHONPATH=/home/burger/jeff_anu_ws/build/image_follow/prefix_override:/home/burger/jeff_anu_ws/install/image_follow/lib/python3.10/site-packages:${PYTHONPATH} /usr/bin/python3 setup.py egg_info --egg-base ../../build/image_follow build --build-base /home/burger/jeff_anu_ws/build/image_follow/build install --record /home/burger/jeff_anu_ws/build/image_follow/install.log --single-version-externally-managed
[28.775s] DEBUG:colcon.colcon_core.event_handler.log_command:Invoked command in '/home/burger/jeff_anu_ws/src/image_follow' returned '0': PYTHONPATH=/home/burger/jeff_anu_ws/build/image_follow/prefix_override:/home/burger/jeff_anu_ws/install/image_follow/lib/python3.10/site-packages:${PYTHONPATH} /usr/bin/python3 setup.py egg_info --egg-base ../../build/image_follow build --build-base /home/burger/jeff_anu_ws/build/image_follow/build install --record /home/burger/jeff_anu_ws/build/image_follow/install.log --single-version-externally-managed
[29.014s] Level 1:colcon.colcon_core.environment:checking '/home/burger/jeff_anu_ws/install/image_follow' for CMake module files
[29.034s] Level 1:colcon.colcon_core.environment:checking '/home/burger/jeff_anu_ws/install/image_follow' for CMake config files
[29.041s] Level 1:colcon.colcon_core.environment:checking '/home/burger/jeff_anu_ws/install/image_follow/lib'
[29.042s] Level 1:colcon.colcon_core.environment:checking '/home/burger/jeff_anu_ws/install/image_follow/bin'
[29.043s] Level 1:colcon.colcon_core.environment:checking '/home/burger/jeff_anu_ws/install/image_follow/lib/pkgconfig/image_follow.pc'
[29.044s] Level 1:colcon.colcon_core.environment:checking '/home/burger/jeff_anu_ws/install/image_follow/lib/python3.10/site-packages'
[29.045s] Level 1:colcon.colcon_core.shell:create_environment_hook('image_follow', 'pythonpath')
[29.126s] INFO:colcon.colcon_core.shell:Creating environment hook '/home/burger/jeff_anu_ws/install/image_follow/share/image_follow/hook/pythonpath.ps1'
[29.129s] INFO:colcon.colcon_core.shell:Creating environment descriptor '/home/burger/jeff_anu_ws/install/image_follow/share/image_follow/hook/pythonpath.dsv'
[29.131s] INFO:colcon.colcon_core.shell:Creating environment hook '/home/burger/jeff_anu_ws/install/image_follow/share/image_follow/hook/pythonpath.sh'
[29.134s] Level 1:colcon.colcon_core.environment:checking '/home/burger/jeff_anu_ws/install/image_follow/bin'
[29.134s] Level 1:colcon.colcon_core.environment:create_environment_scripts_only(image_follow)
[29.197s] INFO:colcon.colcon_core.shell:Creating package script '/home/burger/jeff_anu_ws/install/image_follow/share/image_follow/package.ps1'
[29.201s] INFO:colcon.colcon_core.shell:Creating package descriptor '/home/burger/jeff_anu_ws/install/image_follow/share/image_follow/package.dsv'
[29.203s] INFO:colcon.colcon_core.shell:Creating package script '/home/burger/jeff_anu_ws/install/image_follow/share/image_follow/package.sh'
[29.207s] INFO:colcon.colcon_core.shell:Creating package script '/home/burger/jeff_anu_ws/install/image_follow/share/image_follow/package.bash'
[29.212s] INFO:colcon.colcon_core.shell:Creating package script '/home/burger/jeff_anu_ws/install/image_follow/share/image_follow/package.zsh'
[29.216s] Level 1:colcon.colcon_core.environment:create_file_with_runtime_dependencies(/home/burger/jeff_anu_ws/install/image_follow/share/colcon-core/packages/image_follow)
[29.218s] DEBUG:colcon.colcon_parallel_executor.executor.parallel:closing loop
[29.219s] DEBUG:colcon.colcon_parallel_executor.executor.parallel:loop closed
[29.219s] DEBUG:colcon.colcon_parallel_executor.executor.parallel:run_until_complete finished with '0'
[29.219s] DEBUG:colcon.colcon_core.event_reactor:joining thread
[29.441s] INFO:colcon.colcon_core.plugin_system:Skipping extension 'colcon_notification.desktop_notification.notify_send': Could not find 'notify-send'
[29.443s] INFO:colcon.colcon_core.plugin_system:Skipping extension 'colcon_notification.desktop_notification.terminal_notifier': Not used on non-Darwin systems
[29.445s] INFO:colcon.colcon_core.plugin_system:Skipping extension 'colcon_notification.desktop_notification.win32': Not used on non-Windows systems
[29.447s] INFO:colcon.colcon_notification.desktop_notification:Sending desktop notification using 'notify2'
[29.457s] DEBUG:colcon.colcon_notification.desktop_notification.notify2:Failed to initialize notify2: org.freedesktop.DBus.Error.ServiceUnknown: The name org.freedesktop.Notifications was not provided by any .service files
[29.459s] DEBUG:colcon.colcon_core.event_reactor:joined thread
[29.641s] INFO:colcon.colcon_core.shell:Creating prefix script '/home/burger/jeff_anu_ws/install/local_setup.ps1'
[29.652s] INFO:colcon.colcon_core.shell:Creating prefix util module '/home/burger/jeff_anu_ws/install/_local_setup_util_ps1.py'
[29.669s] INFO:colcon.colcon_core.shell:Creating prefix chain script '/home/burger/jeff_anu_ws/install/setup.ps1'
[29.882s] INFO:colcon.colcon_core.shell:Creating prefix script '/home/burger/jeff_anu_ws/install/local_setup.sh'
[29.889s] INFO:colcon.colcon_core.shell:Creating prefix util module '/home/burger/jeff_anu_ws/install/_local_setup_util_sh.py'
[29.895s] INFO:colcon.colcon_core.shell:Creating prefix chain script '/home/burger/jeff_anu_ws/install/setup.sh'
[30.107s] INFO:colcon.colcon_core.shell:Creating prefix script '/home/burger/jeff_anu_ws/install/local_setup.bash'
[30.112s] INFO:colcon.colcon_core.shell:Creating prefix chain script '/home/burger/jeff_anu_ws/install/setup.bash'
[30.304s] INFO:colcon.colcon_core.shell:Creating prefix script '/home/burger/jeff_anu_ws/install/local_setup.zsh'
[30.311s] INFO:colcon.colcon_core.shell:Creating prefix chain script '/home/burger/jeff_anu_ws/install/setup.zsh'
