[10.637s] Invoking command in '/home/burger/jeff_anu_ws/src/image_follow': PYTHONPATH=/home/burger/jeff_anu_ws/build/image_follow/prefix_override:/home/burger/jeff_anu_ws/install/image_follow/lib/python3.10/site-packages:${PYTHONPATH} /usr/bin/python3 setup.py egg_info --egg-base ../../build/image_follow build --build-base /home/burger/jeff_anu_ws/build/image_follow/build install --record /home/burger/jeff_anu_ws/build/image_follow/install.log --single-version-externally-managed
[12.815s] running egg_info
[13.003s] writing ../../build/image_follow/image_follow.egg-info/PKG-INFO
[13.006s] writing dependency_links to ../../build/image_follow/image_follow.egg-info/dependency_links.txt
[13.009s] writing entry points to ../../build/image_follow/image_follow.egg-info/entry_points.txt
[13.012s] writing requirements to ../../build/image_follow/image_follow.egg-info/requires.txt
[13.014s] writing top-level names to ../../build/image_follow/image_follow.egg-info/top_level.txt
[13.378s] reading manifest file '../../build/image_follow/image_follow.egg-info/SOURCES.txt'
[13.390s] writing manifest file '../../build/image_follow/image_follow.egg-info/SOURCES.txt'
[13.392s] running build
[13.393s] running build_py
[13.395s] copying image_follow/detector.py -> /home/burger/jeff_anu_ws/build/image_follow/build/lib/image_follow
[13.401s] running install
[13.404s] /usr/local/lib/python3.10/dist-packages/setuptools/_distutils/cmd.py:66: SetuptoolsDeprecationWarning: setup.py install is deprecated.
[13.405s] !!
[13.406s] 
[13.406s]         ********************************************************************************
[13.408s]         Please avoid running ``setup.py`` directly.
[13.409s]         Instead, use pypa/build, pypa/installer or other
[13.410s]         standards-based tools.
[13.411s] 
[13.412s]         See https://blog.ganssle.io/articles/2021/10/setup-py-deprecated.html for details.
[13.413s]         ********************************************************************************
[13.414s] 
[13.415s] !!
[13.419s]   self.initialize_options()
[13.469s] running install_lib
[13.647s] copying /home/burger/jeff_anu_ws/build/image_follow/build/lib/image_follow/detector.py -> /home/burger/jeff_anu_ws/install/image_follow/lib/python3.10/site-packages/image_follow
[13.656s] byte-compiling /home/burger/jeff_anu_ws/install/image_follow/lib/python3.10/site-packages/image_follow/detector.py to detector.cpython-310.pyc
[13.667s] running install_data
[13.848s] running install_egg_info
[14.040s] removing '/home/burger/jeff_anu_ws/install/image_follow/lib/python3.10/site-packages/image_follow-0.0.0-py3.10.egg-info' (and everything under it)
[14.047s] Copying ../../build/image_follow/image_follow.egg-info to /home/burger/jeff_anu_ws/install/image_follow/lib/python3.10/site-packages/image_follow-0.0.0-py3.10.egg-info
[14.068s] running install_scripts
[15.407s] Installing detector script to /home/burger/jeff_anu_ws/install/image_follow/lib/image_follow
[15.409s] writing list of installed files to '/home/burger/jeff_anu_ws/build/image_follow/install.log'
[15.556s] Invoked command in '/home/burger/jeff_anu_ws/src/image_follow' returned '0': PYTHONPATH=/home/burger/jeff_anu_ws/build/image_follow/prefix_override:/home/burger/jeff_anu_ws/install/image_follow/lib/python3.10/site-packages:${PYTHONPATH} /usr/bin/python3 setup.py egg_info --egg-base ../../build/image_follow build --build-base /home/burger/jeff_anu_ws/build/image_follow/build install --record /home/burger/jeff_anu_ws/build/image_follow/install.log --single-version-externally-managed
