[11.954s] Invoking command in '/home/burger/jeff_anu_ws/src/image_follow': PYTHONPATH=/home/burger/jeff_anu_ws/build/image_follow/prefix_override:/home/burger/jeff_anu_ws/install/image_follow/lib/python3.10/site-packages:${PYTHONPATH} /usr/bin/python3 setup.py egg_info --egg-base ../../build/image_follow build --build-base /home/burger/jeff_anu_ws/build/image_follow/build install --record /home/burger/jeff_anu_ws/build/image_follow/install.log --single-version-externally-managed
[14.874s] running egg_info
[15.075s] writing ../../build/image_follow/image_follow.egg-info/PKG-INFO
[15.079s] writing dependency_links to ../../build/image_follow/image_follow.egg-info/dependency_links.txt
[15.082s] writing entry points to ../../build/image_follow/image_follow.egg-info/entry_points.txt
[15.085s] writing requirements to ../../build/image_follow/image_follow.egg-info/requires.txt
[15.087s] writing top-level names to ../../build/image_follow/image_follow.egg-info/top_level.txt
[15.229s] reading manifest file '../../build/image_follow/image_follow.egg-info/SOURCES.txt'
[15.236s] writing manifest file '../../build/image_follow/image_follow.egg-info/SOURCES.txt'
[15.238s] running build
[15.239s] running build_py
[15.240s] copying image_follow/detector.py -> /home/burger/jeff_anu_ws/build/image_follow/build/lib/image_follow
[15.242s] running install
[15.243s] /usr/local/lib/python3.10/dist-packages/setuptools/_distutils/cmd.py:66: SetuptoolsDeprecationWarning: setup.py install is deprecated.
[15.246s] !!
[15.247s] 
[15.247s]         ********************************************************************************
[15.248s]         Please avoid running ``setup.py`` directly.
[15.249s]         Instead, use pypa/build, pypa/installer or other
[15.249s]         standards-based tools.
[15.250s] 
[15.250s]         See https://blog.ganssle.io/articles/2021/10/setup-py-deprecated.html for details.
[15.250s]         ********************************************************************************
[15.251s] 
[15.251s] !!
[15.252s]   self.initialize_options()
[15.268s] running install_lib
[15.401s] copying /home/burger/jeff_anu_ws/build/image_follow/build/lib/image_follow/detector.py -> /home/burger/jeff_anu_ws/install/image_follow/lib/python3.10/site-packages/image_follow
[15.408s] byte-compiling /home/burger/jeff_anu_ws/install/image_follow/lib/python3.10/site-packages/image_follow/detector.py to detector.cpython-310.pyc
[15.422s] running install_data
[15.616s] running install_egg_info
[15.822s] removing '/home/burger/jeff_anu_ws/install/image_follow/lib/python3.10/site-packages/image_follow-0.0.0-py3.10.egg-info' (and everything under it)
[15.827s] Copying ../../build/image_follow/image_follow.egg-info to /home/burger/jeff_anu_ws/install/image_follow/lib/python3.10/site-packages/image_follow-0.0.0-py3.10.egg-info
[15.844s] running install_scripts
[17.780s] Installing detector script to /home/burger/jeff_anu_ws/install/image_follow/lib/image_follow
[17.785s] writing list of installed files to '/home/burger/jeff_anu_ws/build/image_follow/install.log'
[18.035s] Invoked command in '/home/burger/jeff_anu_ws/src/image_follow' returned '0': PYTHONPATH=/home/burger/jeff_anu_ws/build/image_follow/prefix_override:/home/burger/jeff_anu_ws/install/image_follow/lib/python3.10/site-packages:${PYTHONPATH} /usr/bin/python3 setup.py egg_info --egg-base ../../build/image_follow build --build-base /home/burger/jeff_anu_ws/build/image_follow/build install --record /home/burger/jeff_anu_ws/build/image_follow/install.log --single-version-externally-managed
