running egg_info
writing ../../build/image_follow/image_follow.egg-info/PKG-INFO
writing dependency_links to ../../build/image_follow/image_follow.egg-info/dependency_links.txt
writing entry points to ../../build/image_follow/image_follow.egg-info/entry_points.txt
writing requirements to ../../build/image_follow/image_follow.egg-info/requires.txt
writing top-level names to ../../build/image_follow/image_follow.egg-info/top_level.txt
reading manifest file '../../build/image_follow/image_follow.egg-info/SOURCES.txt'
writing manifest file '../../build/image_follow/image_follow.egg-info/SOURCES.txt'
running build
running build_py
copying image_follow/detector.py -> /home/burger/jeff_anu_ws/build/image_follow/build/lib/image_follow
copying image_follow/follower.py -> /home/burger/jeff_anu_ws/build/image_follow/build/lib/image_follow
running install
/usr/local/lib/python3.10/dist-packages/setuptools/_distutils/cmd.py:66: SetuptoolsDeprecationWarning: setup.py install is deprecated.
!!

        ********************************************************************************
        Please avoid running ``setup.py`` directly.
        Instead, use pypa/build, pypa/installer or other
        standards-based tools.

        See https://blog.ganssle.io/articles/2021/10/setup-py-deprecated.html for details.
        ********************************************************************************

!!
  self.initialize_options()
running install_lib
copying /home/burger/jeff_anu_ws/build/image_follow/build/lib/image_follow/detector.py -> /home/burger/jeff_anu_ws/install/image_follow/lib/python3.10/site-packages/image_follow
copying /home/burger/jeff_anu_ws/build/image_follow/build/lib/image_follow/follower.py -> /home/burger/jeff_anu_ws/install/image_follow/lib/python3.10/site-packages/image_follow
byte-compiling /home/burger/jeff_anu_ws/install/image_follow/lib/python3.10/site-packages/image_follow/detector.py to detector.cpython-310.pyc
byte-compiling /home/burger/jeff_anu_ws/install/image_follow/lib/python3.10/site-packages/image_follow/follower.py to follower.cpython-310.pyc
running install_data
running install_egg_info
removing '/home/burger/jeff_anu_ws/install/image_follow/lib/python3.10/site-packages/image_follow-0.0.0-py3.10.egg-info' (and everything under it)
Copying ../../build/image_follow/image_follow.egg-info to /home/burger/jeff_anu_ws/install/image_follow/lib/python3.10/site-packages/image_follow-0.0.0-py3.10.egg-info
running install_scripts
Installing detector script to /home/burger/jeff_anu_ws/install/image_follow/lib/image_follow
writing list of installed files to '/home/burger/jeff_anu_ws/build/image_follow/install.log'
