[9.019s] Invoking command in '/home/burger/jeff_anu_ws/src/image_follow': PYTHONPATH=/home/burger/jeff_anu_ws/build/image_follow/prefix_override:/home/burger/jeff_anu_ws/install/image_follow/lib/python3.10/site-packages:${PYTHONPATH} /usr/bin/python3 setup.py egg_info --egg-base ../../build/image_follow build --build-base /home/burger/jeff_anu_ws/build/image_follow/build install --record /home/burger/jeff_anu_ws/build/image_follow/install.log --single-version-externally-managed
[11.599s] running egg_info
[11.780s] writing ../../build/image_follow/image_follow.egg-info/PKG-INFO
[11.783s] writing dependency_links to ../../build/image_follow/image_follow.egg-info/dependency_links.txt
[11.787s] writing entry points to ../../build/image_follow/image_follow.egg-info/entry_points.txt
[11.790s] writing requirements to ../../build/image_follow/image_follow.egg-info/requires.txt
[11.793s] writing top-level names to ../../build/image_follow/image_follow.egg-info/top_level.txt
[11.946s] reading manifest file '../../build/image_follow/image_follow.egg-info/SOURCES.txt'
[11.950s] writing manifest file '../../build/image_follow/image_follow.egg-info/SOURCES.txt'
[11.951s] running build
[11.951s] running build_py
[11.952s] copying image_follow/detector.py -> /home/burger/jeff_anu_ws/build/image_follow/build/lib/image_follow
[11.953s] copying image_follow/follower.py -> /home/burger/jeff_anu_ws/build/image_follow/build/lib/image_follow
[11.955s] running install
[11.956s] /usr/local/lib/python3.10/dist-packages/setuptools/_distutils/cmd.py:66: SetuptoolsDeprecationWarning: setup.py install is deprecated.
[11.957s] !!
[11.958s] 
[11.958s]         ********************************************************************************
[11.958s]         Please avoid running ``setup.py`` directly.
[11.959s]         Instead, use pypa/build, pypa/installer or other
[11.959s]         standards-based tools.
[11.962s] 
[11.962s]         See https://blog.ganssle.io/articles/2021/10/setup-py-deprecated.html for details.
[11.965s]         ********************************************************************************
[11.965s] 
[11.966s] !!
[11.966s]   self.initialize_options()
[11.983s] running install_lib
[12.044s] copying /home/burger/jeff_anu_ws/build/image_follow/build/lib/image_follow/detector.py -> /home/burger/jeff_anu_ws/install/image_follow/lib/python3.10/site-packages/image_follow
[12.045s] copying /home/burger/jeff_anu_ws/build/image_follow/build/lib/image_follow/follower.py -> /home/burger/jeff_anu_ws/install/image_follow/lib/python3.10/site-packages/image_follow
[12.048s] byte-compiling /home/burger/jeff_anu_ws/install/image_follow/lib/python3.10/site-packages/image_follow/detector.py to detector.cpython-310.pyc
[12.052s] byte-compiling /home/burger/jeff_anu_ws/install/image_follow/lib/python3.10/site-packages/image_follow/follower.py to follower.cpython-310.pyc
[12.055s] running install_data
[12.111s] running install_egg_info
[12.181s] removing '/home/burger/jeff_anu_ws/install/image_follow/lib/python3.10/site-packages/image_follow-0.0.0-py3.10.egg-info' (and everything under it)
[12.183s] Copying ../../build/image_follow/image_follow.egg-info to /home/burger/jeff_anu_ws/install/image_follow/lib/python3.10/site-packages/image_follow-0.0.0-py3.10.egg-info
[12.187s] running install_scripts
[12.806s] Installing detector script to /home/burger/jeff_anu_ws/install/image_follow/lib/image_follow
[12.808s] writing list of installed files to '/home/burger/jeff_anu_ws/build/image_follow/install.log'
[13.012s] Invoked command in '/home/burger/jeff_anu_ws/src/image_follow' returned '0': PYTHONPATH=/home/burger/jeff_anu_ws/build/image_follow/prefix_override:/home/burger/jeff_anu_ws/install/image_follow/lib/python3.10/site-packages:${PYTHONPATH} /usr/bin/python3 setup.py egg_info --egg-base ../../build/image_follow build --build-base /home/burger/jeff_anu_ws/build/image_follow/build install --record /home/burger/jeff_anu_ws/build/image_follow/install.log --single-version-externally-managed
