[6.212s] DEBUG:colcon:Command line arguments: ['/usr/bin/colcon', 'build']
[6.213s] DEBUG:colcon:Parsed command line arguments: Namespace(log_base=None, log_level=None, verb_name='build', build_base='build', install_base='install', merge_install=False, symlink_install=False, test_result_base=None, continue_on_error=False, executor='parallel', parallel_workers=4, event_handlers=None, ignore_user_meta=False, metas=['./colcon.meta'], base_paths=['.'], packages_ignore=None, packages_ignore_regex=None, paths=None, packages_up_to=None, packages_up_to_regex=None, packages_above=None, packages_above_and_dependencies=None, packages_above_depth=None, packages_select_by_dep=None, packages_skip_by_dep=None, packages_skip_up_to=None, packages_select_build_failed=False, packages_skip_build_finished=False, packages_select_test_failures=False, packages_skip_test_passed=False, packages_select=None, packages_skip=None, packages_select_regex=None, packages_skip_regex=None, packages_start=None, packages_end=None, allow_overriding=[], cmake_args=None, cmake_target=None, cmake_target_skip_unavailable=False, cmake_clean_cache=False, cmake_clean_first=False, cmake_force_configure=False, ament_cmake_args=None, catkin_cmake_args=None, catkin_skip_building_tests=False, verb_parser=<colcon_defaults.argument_parser.defaults.DefaultArgumentsDecorator object at 0xffff861eb310>, verb_extension=<colcon_core.verb.build.BuildVerb object at 0xffff865dc670>, main=<bound method BuildVerb.main of <colcon_core.verb.build.BuildVerb object at 0xffff865dc670>>)
[6.465s] Level 1:colcon.colcon_core.package_discovery:discover_packages(colcon_meta) check parameters
[6.465s] Level 1:colcon.colcon_core.package_discovery:discover_packages(recursive) check parameters
[6.466s] Level 1:colcon.colcon_core.package_discovery:discover_packages(ignore) check parameters
[6.466s] Level 1:colcon.colcon_core.package_discovery:discover_packages(path) check parameters
[6.466s] Level 1:colcon.colcon_core.package_discovery:discover_packages(colcon_meta) discover
[6.466s] Level 1:colcon.colcon_core.package_discovery:discover_packages(recursive) discover
[6.466s] INFO:colcon.colcon_core.package_discovery:Crawling recursively for packages in '/home/burger/jeff_anu_ws'
[6.467s] Level 1:colcon.colcon_core.package_identification:_identify(.) by extensions ['ignore', 'ignore_ament_install']
[6.467s] Level 1:colcon.colcon_core.package_identification:_identify(.) by extension 'ignore'
[6.468s] Level 1:colcon.colcon_core.package_identification:_identify(.) by extension 'ignore_ament_install'
[6.468s] Level 1:colcon.colcon_core.package_identification:_identify(.) by extensions ['colcon_pkg']
[6.468s] Level 1:colcon.colcon_core.package_identification:_identify(.) by extension 'colcon_pkg'
[6.468s] Level 1:colcon.colcon_core.package_identification:_identify(.) by extensions ['colcon_meta']
[6.468s] Level 1:colcon.colcon_core.package_identification:_identify(.) by extension 'colcon_meta'
[6.469s] Level 1:colcon.colcon_core.package_identification:_identify(.) by extensions ['ros']
[6.469s] Level 1:colcon.colcon_core.package_identification:_identify(.) by extension 'ros'
[6.529s] Level 1:colcon.colcon_core.package_identification:_identify(.) by extensions ['cmake', 'python']
[6.530s] Level 1:colcon.colcon_core.package_identification:_identify(.) by extension 'cmake'
[6.530s] Level 1:colcon.colcon_core.package_identification:_identify(.) by extension 'python'
[6.530s] Level 1:colcon.colcon_core.package_identification:_identify(.) by extensions ['python_setup_py']
[6.531s] Level 1:colcon.colcon_core.package_identification:_identify(.) by extension 'python_setup_py'
[6.531s] Level 1:colcon.colcon_core.package_identification:_identify(build) by extensions ['ignore', 'ignore_ament_install']
[6.532s] Level 1:colcon.colcon_core.package_identification:_identify(build) by extension 'ignore'
[6.532s] Level 1:colcon.colcon_core.package_identification:_identify(build) ignored
[6.533s] Level 1:colcon.colcon_core.package_identification:_identify(install) by extensions ['ignore', 'ignore_ament_install']
[6.534s] Level 1:colcon.colcon_core.package_identification:_identify(install) by extension 'ignore'
[6.534s] Level 1:colcon.colcon_core.package_identification:_identify(install) ignored
[6.535s] Level 1:colcon.colcon_core.package_identification:_identify(log) by extensions ['ignore', 'ignore_ament_install']
[6.535s] Level 1:colcon.colcon_core.package_identification:_identify(log) by extension 'ignore'
[6.536s] Level 1:colcon.colcon_core.package_identification:_identify(log) ignored
[6.536s] Level 1:colcon.colcon_core.package_identification:_identify(src) by extensions ['ignore', 'ignore_ament_install']
[6.537s] Level 1:colcon.colcon_core.package_identification:_identify(src) by extension 'ignore'
[6.537s] Level 1:colcon.colcon_core.package_identification:_identify(src) by extension 'ignore_ament_install'
[6.537s] Level 1:colcon.colcon_core.package_identification:_identify(src) by extensions ['colcon_pkg']
[6.537s] Level 1:colcon.colcon_core.package_identification:_identify(src) by extension 'colcon_pkg'
[6.538s] Level 1:colcon.colcon_core.package_identification:_identify(src) by extensions ['colcon_meta']
[6.538s] Level 1:colcon.colcon_core.package_identification:_identify(src) by extension 'colcon_meta'
[6.538s] Level 1:colcon.colcon_core.package_identification:_identify(src) by extensions ['ros']
[6.538s] Level 1:colcon.colcon_core.package_identification:_identify(src) by extension 'ros'
[6.538s] Level 1:colcon.colcon_core.package_identification:_identify(src) by extensions ['cmake', 'python']
[6.539s] Level 1:colcon.colcon_core.package_identification:_identify(src) by extension 'cmake'
[6.539s] Level 1:colcon.colcon_core.package_identification:_identify(src) by extension 'python'
[6.539s] Level 1:colcon.colcon_core.package_identification:_identify(src) by extensions ['python_setup_py']
[6.539s] Level 1:colcon.colcon_core.package_identification:_identify(src) by extension 'python_setup_py'
[6.540s] Level 1:colcon.colcon_core.package_identification:_identify(src/image_follow) by extensions ['ignore', 'ignore_ament_install']
[6.540s] Level 1:colcon.colcon_core.package_identification:_identify(src/image_follow) by extension 'ignore'
[6.540s] Level 1:colcon.colcon_core.package_identification:_identify(src/image_follow) by extension 'ignore_ament_install'
[6.540s] Level 1:colcon.colcon_core.package_identification:_identify(src/image_follow) by extensions ['colcon_pkg']
[6.541s] Level 1:colcon.colcon_core.package_identification:_identify(src/image_follow) by extension 'colcon_pkg'
[6.541s] Level 1:colcon.colcon_core.package_identification:_identify(src/image_follow) by extensions ['colcon_meta']
[6.541s] Level 1:colcon.colcon_core.package_identification:_identify(src/image_follow) by extension 'colcon_meta'
[6.541s] Level 1:colcon.colcon_core.package_identification:_identify(src/image_follow) by extensions ['ros']
[6.541s] Level 1:colcon.colcon_core.package_identification:_identify(src/image_follow) by extension 'ros'
[6.549s] DEBUG:colcon.colcon_core.package_identification:Package 'src/image_follow' with type 'ros.ament_python' and name 'image_follow'
[6.550s] Level 1:colcon.colcon_core.package_discovery:discover_packages(recursive) using defaults
[6.550s] Level 1:colcon.colcon_core.package_discovery:discover_packages(ignore) discover
[6.550s] Level 1:colcon.colcon_core.package_discovery:discover_packages(ignore) using defaults
[6.550s] Level 1:colcon.colcon_core.package_discovery:discover_packages(path) discover
[6.550s] Level 1:colcon.colcon_core.package_discovery:discover_packages(path) using defaults
[7.657s] Level 1:colcon.colcon_core.package_discovery:discover_packages(prefix_path) check parameters
[7.659s] Level 1:colcon.colcon_core.package_discovery:discover_packages(prefix_path) discover
[8.078s] DEBUG:colcon.colcon_installed_package_information.package_discovery:Found 1 installed packages in /home/burger/jeff_anu_ws/install
[8.269s] DEBUG:colcon.colcon_installed_package_information.package_discovery:Found 8 installed packages in /home/burger/dontTouch_ws/install
[8.479s] DEBUG:colcon.colcon_installed_package_information.package_discovery:Found 206 installed packages in /opt/ros/humble
[8.496s] Level 1:colcon.colcon_core.package_discovery:discover_packages(prefix_path) using defaults
[9.380s] Level 5:colcon.colcon_core.verb:set package 'image_follow' build argument 'cmake_args' from command line to 'None'
[9.382s] Level 5:colcon.colcon_core.verb:set package 'image_follow' build argument 'cmake_target' from command line to 'None'
[9.384s] Level 5:colcon.colcon_core.verb:set package 'image_follow' build argument 'cmake_target_skip_unavailable' from command line to 'False'
[9.385s] Level 5:colcon.colcon_core.verb:set package 'image_follow' build argument 'cmake_clean_cache' from command line to 'False'
[9.386s] Level 5:colcon.colcon_core.verb:set package 'image_follow' build argument 'cmake_clean_first' from command line to 'False'
[9.388s] Level 5:colcon.colcon_core.verb:set package 'image_follow' build argument 'cmake_force_configure' from command line to 'False'
[9.390s] Level 5:colcon.colcon_core.verb:set package 'image_follow' build argument 'ament_cmake_args' from command line to 'None'
[9.391s] Level 5:colcon.colcon_core.verb:set package 'image_follow' build argument 'catkin_cmake_args' from command line to 'None'
[9.393s] Level 5:colcon.colcon_core.verb:set package 'image_follow' build argument 'catkin_skip_building_tests' from command line to 'False'
[9.394s] DEBUG:colcon.colcon_core.verb:Building package 'image_follow' with the following arguments: {'ament_cmake_args': None, 'build_base': '/home/burger/jeff_anu_ws/build/image_follow', 'catkin_cmake_args': None, 'catkin_skip_building_tests': False, 'cmake_args': None, 'cmake_clean_cache': False, 'cmake_clean_first': False, 'cmake_force_configure': False, 'cmake_target': None, 'cmake_target_skip_unavailable': False, 'install_base': '/home/burger/jeff_anu_ws/install/image_follow', 'merge_install': False, 'path': '/home/burger/jeff_anu_ws/src/image_follow', 'symlink_install': False, 'test_result_base': None}
[9.586s] INFO:colcon.colcon_core.executor:Executing jobs using 'parallel' executor
[9.744s] DEBUG:colcon.colcon_parallel_executor.executor.parallel:run_until_complete
[9.746s] INFO:colcon.colcon_ros.task.ament_python.build:Building ROS package in '/home/burger/jeff_anu_ws/src/image_follow' with build type 'ament_python'
[9.747s] Level 1:colcon.colcon_core.shell:create_environment_hook('image_follow', 'ament_prefix_path')
[9.814s] INFO:colcon.colcon_core.plugin_system:Skipping extension 'colcon_core.shell.bat': Not used on non-Windows systems
[9.815s] INFO:colcon.colcon_core.shell:Creating environment hook '/home/burger/jeff_anu_ws/install/image_follow/share/image_follow/hook/ament_prefix_path.ps1'
[9.817s] INFO:colcon.colcon_core.shell:Creating environment descriptor '/home/burger/jeff_anu_ws/install/image_follow/share/image_follow/hook/ament_prefix_path.dsv'
[9.819s] INFO:colcon.colcon_core.shell:Creating environment hook '/home/burger/jeff_anu_ws/install/image_follow/share/image_follow/hook/ament_prefix_path.sh'
[9.892s] INFO:colcon.colcon_core.shell:Skip shell extension 'powershell' for command environment: Not usable outside of PowerShell
[9.892s] DEBUG:colcon.colcon_core.shell:Skip shell extension 'dsv' for command environment
[13.041s] INFO:colcon.colcon_core.task.python.build:Building Python package in '/home/burger/jeff_anu_ws/src/image_follow'
[13.105s] INFO:colcon.colcon_core.shell:Skip shell extension 'powershell' for command environment: Not usable outside of PowerShell
[13.105s] DEBUG:colcon.colcon_core.shell:Skip shell extension 'dsv' for command environment
[20.320s] DEBUG:colcon.colcon_core.event_handler.log_command:Invoking command in '/home/burger/jeff_anu_ws/src/image_follow': PYTHONPATH=/home/burger/jeff_anu_ws/build/image_follow/prefix_override:/home/burger/jeff_anu_ws/install/image_follow/lib/python3.10/site-packages:${PYTHONPATH} /usr/bin/python3 setup.py egg_info --egg-base ../../build/image_follow build --build-base /home/burger/jeff_anu_ws/build/image_follow/build install --record /home/burger/jeff_anu_ws/build/image_follow/install.log --single-version-externally-managed
[26.671s] DEBUG:colcon.colcon_core.event_handler.log_command:Invoked command in '/home/burger/jeff_anu_ws/src/image_follow' returned '0': PYTHONPATH=/home/burger/jeff_anu_ws/build/image_follow/prefix_override:/home/burger/jeff_anu_ws/install/image_follow/lib/python3.10/site-packages:${PYTHONPATH} /usr/bin/python3 setup.py egg_info --egg-base ../../build/image_follow build --build-base /home/burger/jeff_anu_ws/build/image_follow/build install --record /home/burger/jeff_anu_ws/build/image_follow/install.log --single-version-externally-managed
[26.773s] Level 1:colcon.colcon_core.environment:checking '/home/burger/jeff_anu_ws/install/image_follow' for CMake module files
[26.775s] Level 1:colcon.colcon_core.environment:checking '/home/burger/jeff_anu_ws/install/image_follow' for CMake config files
[26.779s] Level 1:colcon.colcon_core.environment:checking '/home/burger/jeff_anu_ws/install/image_follow/lib'
[26.780s] Level 1:colcon.colcon_core.environment:checking '/home/burger/jeff_anu_ws/install/image_follow/bin'
[26.781s] Level 1:colcon.colcon_core.environment:checking '/home/burger/jeff_anu_ws/install/image_follow/lib/pkgconfig/image_follow.pc'
[26.785s] Level 1:colcon.colcon_core.environment:checking '/home/burger/jeff_anu_ws/install/image_follow/lib/python3.10/site-packages'
[26.786s] Level 1:colcon.colcon_core.shell:create_environment_hook('image_follow', 'pythonpath')
[26.992s] INFO:colcon.colcon_core.shell:Creating environment hook '/home/burger/jeff_anu_ws/install/image_follow/share/image_follow/hook/pythonpath.ps1'
[26.996s] INFO:colcon.colcon_core.shell:Creating environment descriptor '/home/burger/jeff_anu_ws/install/image_follow/share/image_follow/hook/pythonpath.dsv'
[27.001s] INFO:colcon.colcon_core.shell:Creating environment hook '/home/burger/jeff_anu_ws/install/image_follow/share/image_follow/hook/pythonpath.sh'
[27.007s] Level 1:colcon.colcon_core.environment:checking '/home/burger/jeff_anu_ws/install/image_follow/bin'
[27.008s] Level 1:colcon.colcon_core.environment:create_environment_scripts_only(image_follow)
[27.205s] INFO:colcon.colcon_core.shell:Creating package script '/home/burger/jeff_anu_ws/install/image_follow/share/image_follow/package.ps1'
[27.214s] INFO:colcon.colcon_core.shell:Creating package descriptor '/home/burger/jeff_anu_ws/install/image_follow/share/image_follow/package.dsv'
[27.220s] INFO:colcon.colcon_core.shell:Creating package script '/home/burger/jeff_anu_ws/install/image_follow/share/image_follow/package.sh'
[27.228s] INFO:colcon.colcon_core.shell:Creating package script '/home/burger/jeff_anu_ws/install/image_follow/share/image_follow/package.bash'
[27.237s] INFO:colcon.colcon_core.shell:Creating package script '/home/burger/jeff_anu_ws/install/image_follow/share/image_follow/package.zsh'
[27.244s] Level 1:colcon.colcon_core.environment:create_file_with_runtime_dependencies(/home/burger/jeff_anu_ws/install/image_follow/share/colcon-core/packages/image_follow)
[27.247s] DEBUG:colcon.colcon_parallel_executor.executor.parallel:closing loop
[27.249s] DEBUG:colcon.colcon_parallel_executor.executor.parallel:loop closed
[27.250s] DEBUG:colcon.colcon_parallel_executor.executor.parallel:run_until_complete finished with '0'
[27.251s] DEBUG:colcon.colcon_core.event_reactor:joining thread
[27.516s] INFO:colcon.colcon_core.plugin_system:Skipping extension 'colcon_notification.desktop_notification.notify_send': Could not find 'notify-send'
[27.518s] INFO:colcon.colcon_core.plugin_system:Skipping extension 'colcon_notification.desktop_notification.terminal_notifier': Not used on non-Darwin systems
[27.520s] INFO:colcon.colcon_core.plugin_system:Skipping extension 'colcon_notification.desktop_notification.win32': Not used on non-Windows systems
[27.521s] INFO:colcon.colcon_notification.desktop_notification:Sending desktop notification using 'notify2'
[27.529s] DEBUG:colcon.colcon_notification.desktop_notification.notify2:Failed to initialize notify2: org.freedesktop.DBus.Error.ServiceUnknown: The name org.freedesktop.Notifications was not provided by any .service files
[27.530s] DEBUG:colcon.colcon_core.event_reactor:joined thread
[27.707s] INFO:colcon.colcon_core.shell:Creating prefix script '/home/burger/jeff_anu_ws/install/local_setup.ps1'
[27.717s] INFO:colcon.colcon_core.shell:Creating prefix util module '/home/burger/jeff_anu_ws/install/_local_setup_util_ps1.py'
[27.734s] INFO:colcon.colcon_core.shell:Creating prefix chain script '/home/burger/jeff_anu_ws/install/setup.ps1'
[27.928s] INFO:colcon.colcon_core.shell:Creating prefix script '/home/burger/jeff_anu_ws/install/local_setup.sh'
[27.934s] INFO:colcon.colcon_core.shell:Creating prefix util module '/home/burger/jeff_anu_ws/install/_local_setup_util_sh.py'
[27.940s] INFO:colcon.colcon_core.shell:Creating prefix chain script '/home/burger/jeff_anu_ws/install/setup.sh'
[28.137s] INFO:colcon.colcon_core.shell:Creating prefix script '/home/burger/jeff_anu_ws/install/local_setup.bash'
[28.143s] INFO:colcon.colcon_core.shell:Creating prefix chain script '/home/burger/jeff_anu_ws/install/setup.bash'
[28.340s] INFO:colcon.colcon_core.shell:Creating prefix script '/home/burger/jeff_anu_ws/install/local_setup.zsh'
[28.346s] INFO:colcon.colcon_core.shell:Creating prefix chain script '/home/burger/jeff_anu_ws/install/setup.zsh'
