[5.300s] DEBUG:colcon:Command line arguments: ['/usr/bin/colcon', 'build']
[5.300s] DEBUG:colcon:Parsed command line arguments: Namespace(log_base=None, log_level=None, verb_name='build', build_base='build', install_base='install', merge_install=False, symlink_install=False, test_result_base=None, continue_on_error=False, executor='parallel', parallel_workers=4, event_handlers=None, ignore_user_meta=False, metas=['./colcon.meta'], base_paths=['.'], packages_ignore=None, packages_ignore_regex=None, paths=None, packages_up_to=None, packages_up_to_regex=None, packages_above=None, packages_above_and_dependencies=None, packages_above_depth=None, packages_select_by_dep=None, packages_skip_by_dep=None, packages_skip_up_to=None, packages_select_build_failed=False, packages_skip_build_finished=False, packages_select_test_failures=False, packages_skip_test_passed=False, packages_select=None, packages_skip=None, packages_select_regex=None, packages_skip_regex=None, packages_start=None, packages_end=None, allow_overriding=[], cmake_args=None, cmake_target=None, cmake_target_skip_unavailable=False, cmake_clean_cache=False, cmake_clean_first=False, cmake_force_configure=False, ament_cmake_args=None, catkin_cmake_args=None, catkin_skip_building_tests=False, verb_parser=<colcon_defaults.argument_parser.defaults.DefaultArgumentsDecorator object at 0xffff8bb7b070>, verb_extension=<colcon_core.verb.build.BuildVerb object at 0xffff8bf6fcd0>, main=<bound method BuildVerb.main of <colcon_core.verb.build.BuildVerb object at 0xffff8bf6fcd0>>)
[5.647s] Level 1:colcon.colcon_core.package_discovery:discover_packages(colcon_meta) check parameters
[5.647s] Level 1:colcon.colcon_core.package_discovery:discover_packages(recursive) check parameters
[5.648s] Level 1:colcon.colcon_core.package_discovery:discover_packages(ignore) check parameters
[5.648s] Level 1:colcon.colcon_core.package_discovery:discover_packages(path) check parameters
[5.648s] Level 1:colcon.colcon_core.package_discovery:discover_packages(colcon_meta) discover
[5.648s] Level 1:colcon.colcon_core.package_discovery:discover_packages(recursive) discover
[5.649s] INFO:colcon.colcon_core.package_discovery:Crawling recursively for packages in '/home/burger/jeff_anu_ws'
[5.649s] Level 1:colcon.colcon_core.package_identification:_identify(.) by extensions ['ignore', 'ignore_ament_install']
[5.650s] Level 1:colcon.colcon_core.package_identification:_identify(.) by extension 'ignore'
[5.650s] Level 1:colcon.colcon_core.package_identification:_identify(.) by extension 'ignore_ament_install'
[5.650s] Level 1:colcon.colcon_core.package_identification:_identify(.) by extensions ['colcon_pkg']
[5.650s] Level 1:colcon.colcon_core.package_identification:_identify(.) by extension 'colcon_pkg'
[5.651s] Level 1:colcon.colcon_core.package_identification:_identify(.) by extensions ['colcon_meta']
[5.651s] Level 1:colcon.colcon_core.package_identification:_identify(.) by extension 'colcon_meta'
[5.651s] Level 1:colcon.colcon_core.package_identification:_identify(.) by extensions ['ros']
[5.651s] Level 1:colcon.colcon_core.package_identification:_identify(.) by extension 'ros'
[5.764s] Level 1:colcon.colcon_core.package_identification:_identify(.) by extensions ['cmake', 'python']
[5.764s] Level 1:colcon.colcon_core.package_identification:_identify(.) by extension 'cmake'
[5.765s] Level 1:colcon.colcon_core.package_identification:_identify(.) by extension 'python'
[5.765s] Level 1:colcon.colcon_core.package_identification:_identify(.) by extensions ['python_setup_py']
[5.765s] Level 1:colcon.colcon_core.package_identification:_identify(.) by extension 'python_setup_py'
[5.767s] Level 1:colcon.colcon_core.package_identification:_identify(build) by extensions ['ignore', 'ignore_ament_install']
[5.768s] Level 1:colcon.colcon_core.package_identification:_identify(build) by extension 'ignore'
[5.768s] Level 1:colcon.colcon_core.package_identification:_identify(build) ignored
[5.769s] Level 1:colcon.colcon_core.package_identification:_identify(install) by extensions ['ignore', 'ignore_ament_install']
[5.769s] Level 1:colcon.colcon_core.package_identification:_identify(install) by extension 'ignore'
[5.770s] Level 1:colcon.colcon_core.package_identification:_identify(install) ignored
[5.770s] Level 1:colcon.colcon_core.package_identification:_identify(log) by extensions ['ignore', 'ignore_ament_install']
[5.771s] Level 1:colcon.colcon_core.package_identification:_identify(log) by extension 'ignore'
[5.771s] Level 1:colcon.colcon_core.package_identification:_identify(log) ignored
[5.771s] Level 1:colcon.colcon_core.package_identification:_identify(src) by extensions ['ignore', 'ignore_ament_install']
[5.772s] Level 1:colcon.colcon_core.package_identification:_identify(src) by extension 'ignore'
[5.772s] Level 1:colcon.colcon_core.package_identification:_identify(src) by extension 'ignore_ament_install'
[5.772s] Level 1:colcon.colcon_core.package_identification:_identify(src) by extensions ['colcon_pkg']
[5.773s] Level 1:colcon.colcon_core.package_identification:_identify(src) by extension 'colcon_pkg'
[5.773s] Level 1:colcon.colcon_core.package_identification:_identify(src) by extensions ['colcon_meta']
[5.773s] Level 1:colcon.colcon_core.package_identification:_identify(src) by extension 'colcon_meta'
[5.773s] Level 1:colcon.colcon_core.package_identification:_identify(src) by extensions ['ros']
[5.773s] Level 1:colcon.colcon_core.package_identification:_identify(src) by extension 'ros'
[5.774s] Level 1:colcon.colcon_core.package_identification:_identify(src) by extensions ['cmake', 'python']
[5.774s] Level 1:colcon.colcon_core.package_identification:_identify(src) by extension 'cmake'
[5.774s] Level 1:colcon.colcon_core.package_identification:_identify(src) by extension 'python'
[5.774s] Level 1:colcon.colcon_core.package_identification:_identify(src) by extensions ['python_setup_py']
[5.774s] Level 1:colcon.colcon_core.package_identification:_identify(src) by extension 'python_setup_py'
[5.775s] Level 1:colcon.colcon_core.package_identification:_identify(src/image_follow) by extensions ['ignore', 'ignore_ament_install']
[5.775s] Level 1:colcon.colcon_core.package_identification:_identify(src/image_follow) by extension 'ignore'
[5.776s] Level 1:colcon.colcon_core.package_identification:_identify(src/image_follow) by extension 'ignore_ament_install'
[5.776s] Level 1:colcon.colcon_core.package_identification:_identify(src/image_follow) by extensions ['colcon_pkg']
[5.776s] Level 1:colcon.colcon_core.package_identification:_identify(src/image_follow) by extension 'colcon_pkg'
[5.776s] Level 1:colcon.colcon_core.package_identification:_identify(src/image_follow) by extensions ['colcon_meta']
[5.776s] Level 1:colcon.colcon_core.package_identification:_identify(src/image_follow) by extension 'colcon_meta'
[5.777s] Level 1:colcon.colcon_core.package_identification:_identify(src/image_follow) by extensions ['ros']
[5.777s] Level 1:colcon.colcon_core.package_identification:_identify(src/image_follow) by extension 'ros'
[5.786s] DEBUG:colcon.colcon_core.package_identification:Package 'src/image_follow' with type 'ros.ament_python' and name 'image_follow'
[5.787s] Level 1:colcon.colcon_core.package_discovery:discover_packages(recursive) using defaults
[5.787s] Level 1:colcon.colcon_core.package_discovery:discover_packages(ignore) discover
[5.787s] Level 1:colcon.colcon_core.package_discovery:discover_packages(ignore) using defaults
[5.787s] Level 1:colcon.colcon_core.package_discovery:discover_packages(path) discover
[5.787s] Level 1:colcon.colcon_core.package_discovery:discover_packages(path) using defaults
[6.236s] Level 1:colcon.colcon_core.package_discovery:discover_packages(prefix_path) check parameters
[6.236s] Level 1:colcon.colcon_core.package_discovery:discover_packages(prefix_path) discover
[6.383s] DEBUG:colcon.colcon_installed_package_information.package_discovery:Found 1 installed packages in /home/burger/jeff_anu_ws/install
[6.450s] DEBUG:colcon.colcon_installed_package_information.package_discovery:Found 8 installed packages in /home/burger/dontTouch_ws/install
[6.517s] DEBUG:colcon.colcon_installed_package_information.package_discovery:Found 206 installed packages in /opt/ros/humble
[6.523s] Level 1:colcon.colcon_core.package_discovery:discover_packages(prefix_path) using defaults
[6.842s] Level 5:colcon.colcon_core.verb:set package 'image_follow' build argument 'cmake_args' from command line to 'None'
[6.843s] Level 5:colcon.colcon_core.verb:set package 'image_follow' build argument 'cmake_target' from command line to 'None'
[6.843s] Level 5:colcon.colcon_core.verb:set package 'image_follow' build argument 'cmake_target_skip_unavailable' from command line to 'False'
[6.843s] Level 5:colcon.colcon_core.verb:set package 'image_follow' build argument 'cmake_clean_cache' from command line to 'False'
[6.843s] Level 5:colcon.colcon_core.verb:set package 'image_follow' build argument 'cmake_clean_first' from command line to 'False'
[6.843s] Level 5:colcon.colcon_core.verb:set package 'image_follow' build argument 'cmake_force_configure' from command line to 'False'
[6.843s] Level 5:colcon.colcon_core.verb:set package 'image_follow' build argument 'ament_cmake_args' from command line to 'None'
[6.843s] Level 5:colcon.colcon_core.verb:set package 'image_follow' build argument 'catkin_cmake_args' from command line to 'None'
[6.843s] Level 5:colcon.colcon_core.verb:set package 'image_follow' build argument 'catkin_skip_building_tests' from command line to 'False'
[6.844s] DEBUG:colcon.colcon_core.verb:Building package 'image_follow' with the following arguments: {'ament_cmake_args': None, 'build_base': '/home/burger/jeff_anu_ws/build/image_follow', 'catkin_cmake_args': None, 'catkin_skip_building_tests': False, 'cmake_args': None, 'cmake_clean_cache': False, 'cmake_clean_first': False, 'cmake_force_configure': False, 'cmake_target': None, 'cmake_target_skip_unavailable': False, 'install_base': '/home/burger/jeff_anu_ws/install/image_follow', 'merge_install': False, 'path': '/home/burger/jeff_anu_ws/src/image_follow', 'symlink_install': False, 'test_result_base': None}
[6.903s] INFO:colcon.colcon_core.executor:Executing jobs using 'parallel' executor
[6.974s] DEBUG:colcon.colcon_parallel_executor.executor.parallel:run_until_complete
[6.975s] INFO:colcon.colcon_ros.task.ament_python.build:Building ROS package in '/home/burger/jeff_anu_ws/src/image_follow' with build type 'ament_python'
[6.976s] Level 1:colcon.colcon_core.shell:create_environment_hook('image_follow', 'ament_prefix_path')
[7.064s] INFO:colcon.colcon_core.plugin_system:Skipping extension 'colcon_core.shell.bat': Not used on non-Windows systems
[7.065s] INFO:colcon.colcon_core.shell:Creating environment hook '/home/burger/jeff_anu_ws/install/image_follow/share/image_follow/hook/ament_prefix_path.ps1'
[7.070s] INFO:colcon.colcon_core.shell:Creating environment descriptor '/home/burger/jeff_anu_ws/install/image_follow/share/image_follow/hook/ament_prefix_path.dsv'
[7.075s] INFO:colcon.colcon_core.shell:Creating environment hook '/home/burger/jeff_anu_ws/install/image_follow/share/image_follow/hook/ament_prefix_path.sh'
[7.153s] INFO:colcon.colcon_core.shell:Skip shell extension 'powershell' for command environment: Not usable outside of PowerShell
[7.153s] DEBUG:colcon.colcon_core.shell:Skip shell extension 'dsv' for command environment
[8.460s] INFO:colcon.colcon_core.task.python.build:Building Python package in '/home/burger/jeff_anu_ws/src/image_follow'
[8.525s] INFO:colcon.colcon_core.shell:Skip shell extension 'powershell' for command environment: Not usable outside of PowerShell
[8.525s] DEBUG:colcon.colcon_core.shell:Skip shell extension 'dsv' for command environment
[14.850s] DEBUG:colcon.colcon_core.event_handler.log_command:Invoking command in '/home/burger/jeff_anu_ws/src/image_follow': PYTHONPATH=/home/burger/jeff_anu_ws/build/image_follow/prefix_override:/home/burger/jeff_anu_ws/install/image_follow/lib/python3.10/site-packages:${PYTHONPATH} /usr/bin/python3 setup.py egg_info --egg-base ../../build/image_follow build --build-base /home/burger/jeff_anu_ws/build/image_follow/build install --record /home/burger/jeff_anu_ws/build/image_follow/install.log --single-version-externally-managed
[20.206s] DEBUG:colcon.colcon_core.event_handler.log_command:Invoked command in '/home/burger/jeff_anu_ws/src/image_follow' returned '0': PYTHONPATH=/home/burger/jeff_anu_ws/build/image_follow/prefix_override:/home/burger/jeff_anu_ws/install/image_follow/lib/python3.10/site-packages:${PYTHONPATH} /usr/bin/python3 setup.py egg_info --egg-base ../../build/image_follow build --build-base /home/burger/jeff_anu_ws/build/image_follow/build install --record /home/burger/jeff_anu_ws/build/image_follow/install.log --single-version-externally-managed
[20.304s] Level 1:colcon.colcon_core.environment:checking '/home/burger/jeff_anu_ws/install/image_follow' for CMake module files
[20.307s] Level 1:colcon.colcon_core.environment:checking '/home/burger/jeff_anu_ws/install/image_follow' for CMake config files
[20.319s] Level 1:colcon.colcon_core.environment:checking '/home/burger/jeff_anu_ws/install/image_follow/lib'
[20.320s] Level 1:colcon.colcon_core.environment:checking '/home/burger/jeff_anu_ws/install/image_follow/bin'
[20.321s] Level 1:colcon.colcon_core.environment:checking '/home/burger/jeff_anu_ws/install/image_follow/lib/pkgconfig/image_follow.pc'
[20.322s] Level 1:colcon.colcon_core.environment:checking '/home/burger/jeff_anu_ws/install/image_follow/lib/python3.10/site-packages'
[20.322s] Level 1:colcon.colcon_core.shell:create_environment_hook('image_follow', 'pythonpath')
[20.385s] INFO:colcon.colcon_core.shell:Creating environment hook '/home/burger/jeff_anu_ws/install/image_follow/share/image_follow/hook/pythonpath.ps1'
[20.387s] INFO:colcon.colcon_core.shell:Creating environment descriptor '/home/burger/jeff_anu_ws/install/image_follow/share/image_follow/hook/pythonpath.dsv'
[20.389s] INFO:colcon.colcon_core.shell:Creating environment hook '/home/burger/jeff_anu_ws/install/image_follow/share/image_follow/hook/pythonpath.sh'
[20.392s] Level 1:colcon.colcon_core.environment:checking '/home/burger/jeff_anu_ws/install/image_follow/bin'
[20.392s] Level 1:colcon.colcon_core.environment:create_environment_scripts_only(image_follow)
[20.460s] INFO:colcon.colcon_core.shell:Creating package script '/home/burger/jeff_anu_ws/install/image_follow/share/image_follow/package.ps1'
[20.617s] INFO:colcon.colcon_core.shell:Creating package descriptor '/home/burger/jeff_anu_ws/install/image_follow/share/image_follow/package.dsv'
[20.696s] INFO:colcon.colcon_core.shell:Creating package script '/home/burger/jeff_anu_ws/install/image_follow/share/image_follow/package.sh'
[20.776s] INFO:colcon.colcon_core.shell:Creating package script '/home/burger/jeff_anu_ws/install/image_follow/share/image_follow/package.bash'
[20.859s] INFO:colcon.colcon_core.shell:Creating package script '/home/burger/jeff_anu_ws/install/image_follow/share/image_follow/package.zsh'
[20.939s] Level 1:colcon.colcon_core.environment:create_file_with_runtime_dependencies(/home/burger/jeff_anu_ws/install/image_follow/share/colcon-core/packages/image_follow)
[20.943s] DEBUG:colcon.colcon_parallel_executor.executor.parallel:closing loop
[20.944s] DEBUG:colcon.colcon_parallel_executor.executor.parallel:loop closed
[20.945s] DEBUG:colcon.colcon_parallel_executor.executor.parallel:run_until_complete finished with '0'
[20.945s] DEBUG:colcon.colcon_core.event_reactor:joining thread
[23.877s] INFO:colcon.colcon_core.plugin_system:Skipping extension 'colcon_notification.desktop_notification.notify_send': Could not find 'notify-send'
[23.877s] INFO:colcon.colcon_core.plugin_system:Skipping extension 'colcon_notification.desktop_notification.terminal_notifier': Not used on non-Darwin systems
[23.878s] INFO:colcon.colcon_core.plugin_system:Skipping extension 'colcon_notification.desktop_notification.win32': Not used on non-Windows systems
[23.878s] INFO:colcon.colcon_notification.desktop_notification:Sending desktop notification using 'notify2'
[23.881s] DEBUG:colcon.colcon_notification.desktop_notification.notify2:Failed to initialize notify2: org.freedesktop.DBus.Error.ServiceUnknown: The name org.freedesktop.Notifications was not provided by any .service files
[23.882s] DEBUG:colcon.colcon_core.event_reactor:joined thread
[23.948s] INFO:colcon.colcon_core.shell:Creating prefix script '/home/burger/jeff_anu_ws/install/local_setup.ps1'
[23.954s] INFO:colcon.colcon_core.shell:Creating prefix util module '/home/burger/jeff_anu_ws/install/_local_setup_util_ps1.py'
[24.037s] INFO:colcon.colcon_core.shell:Creating prefix chain script '/home/burger/jeff_anu_ws/install/setup.ps1'
[24.118s] INFO:colcon.colcon_core.shell:Creating prefix script '/home/burger/jeff_anu_ws/install/local_setup.sh'
[24.197s] INFO:colcon.colcon_core.shell:Creating prefix util module '/home/burger/jeff_anu_ws/install/_local_setup_util_sh.py'
[24.200s] INFO:colcon.colcon_core.shell:Creating prefix chain script '/home/burger/jeff_anu_ws/install/setup.sh'
[24.429s] INFO:colcon.colcon_core.shell:Creating prefix script '/home/burger/jeff_anu_ws/install/local_setup.bash'
[24.434s] INFO:colcon.colcon_core.shell:Creating prefix chain script '/home/burger/jeff_anu_ws/install/setup.bash'
[24.514s] INFO:colcon.colcon_core.shell:Creating prefix script '/home/burger/jeff_anu_ws/install/local_setup.zsh'
[24.596s] INFO:colcon.colcon_core.shell:Creating prefix chain script '/home/burger/jeff_anu_ws/install/setup.zsh'
